Component: ARM Compiler 5.05 update 1 (build 106) Tool: armlink [4d0efa]

==============================================================================

Section Cross References

    main.o(i.main) refers to beep.o(i.BEEP_Init) for BEEP_Init
    main.o(i.main) refers to key.o(i.KEY_Init) for KEY_Init
    main.o(i.main) refers to delay.o(i.delay_init) for delay_init
    main.o(i.main) refers to misc.o(i.NVIC_PriorityGroupConfig) for NVIC_PriorityGroupConfig
    main.o(i.main) refers to led.o(i.LED_Init) for LED_Init
    main.o(i.main) refers to timer.o(i.TIM2_Int_Init) for TIM2_Int_Init
    main.o(i.main) refers to timer.o(i.TIM3_Int_Init) for TIM3_Int_Init
    main.o(i.main) refers to usart1.o(i.Usart1_Init) for Usart1_Init
    main.o(i.main) refers to usart2.o(i.Usart2_Init) for Usart2_Init
    main.o(i.main) refers to oled.o(i.OLED_Init) for OLED_Init
    main.o(i.main) refers to oled.o(i.OLED_ColorTurn) for OLED_ColorTurn
    main.o(i.main) refers to oled.o(i.OLED_DisplayTurn) for OLED_DisplayTurn
    main.o(i.main) refers to oled.o(i.OLED_Clear) for OLED_Clear
    main.o(i.main) refers to dht11.o(i.DHT11_Init) for DHT11_Init
    main.o(i.main) refers to esp8266.o(i.ESP8266_Init) for ESP8266_Init
    main.o(i.main) refers to exti.o(i.EXTIX_Init) for EXTIX_Init
    main.o(i.main) refers to delay.o(i.delay_ms) for delay_ms
    main.o(i.main) refers to onenet.o(i.OneNet_DevLink) for OneNet_DevLink
    main.o(i.main) refers to onenet.o(i.OneNet_Subscribe) for OneNet_Subscribe
    main.o(i.main) refers to dht11.o(i.DHT11_Read_Data) for DHT11_Read_Data
    main.o(i.main) refers to usart1.o(i.u1_printf) for u1_printf
    main.o(i.main) refers to usart1.o(i.UsartPrintf) for UsartPrintf
    main.o(i.main) refers to printfa.o(i.__0sprintf) for __2sprintf
    main.o(i.main) refers to onenet.o(i.OneNet_Publish) for OneNet_Publish
    main.o(i.main) refers to esp8266.o(i.ESP8266_Clear) for ESP8266_Clear
    main.o(i.main) refers to esp8266.o(i.ESP8266_GetIPD) for ESP8266_GetIPD
    main.o(i.main) refers to onenet.o(i.OneNet_RevPro) for OneNet_RevPro
    main.o(i.main) refers to main.o(.constdata) for .constdata
    main.o(i.main) refers to main.o(.data) for alarm_is_ok
    main.o(i.main) refers to main.o(.bss) for PUB_BUF
    main.o(.constdata) refers to main.o(.conststring) for .conststring
    system_stm32f10x.o(i.SetSysClock) refers to system_stm32f10x.o(i.SetSysClockTo72) for SetSysClockTo72
    system_stm32f10x.o(i.SystemCoreClockUpdate) refers to system_stm32f10x.o(.data) for SystemCoreClock
    system_stm32f10x.o(i.SystemInit) refers to system_stm32f10x.o(i.SetSysClock) for SetSysClock
    led.o(i.LED_Init) refers to stm32f10x_rcc.o(i.RCC_APB2PeriphClockCmd) for RCC_APB2PeriphClockCmd
    led.o(i.LED_Init) refers to stm32f10x_gpio.o(i.GPIO_Init) for GPIO_Init
    led.o(i.LED_Init) refers to stm32f10x_gpio.o(i.GPIO_SetBits) for GPIO_SetBits
    beep.o(i.BEEP_Init) refers to stm32f10x_rcc.o(i.RCC_APB2PeriphClockCmd) for RCC_APB2PeriphClockCmd
    beep.o(i.BEEP_Init) refers to stm32f10x_gpio.o(i.GPIO_Init) for GPIO_Init
    beep.o(i.BEEP_Init) refers to stm32f10x_gpio.o(i.GPIO_ResetBits) for GPIO_ResetBits
    dht11.o(i.DHT11_Check) refers to delay.o(i.delay_us) for delay_us
    dht11.o(i.DHT11_Init) refers to stm32f10x_rcc.o(i.RCC_APB2PeriphClockCmd) for RCC_APB2PeriphClockCmd
    dht11.o(i.DHT11_Init) refers to stm32f10x_gpio.o(i.GPIO_Init) for GPIO_Init
    dht11.o(i.DHT11_Init) refers to stm32f10x_gpio.o(i.GPIO_SetBits) for GPIO_SetBits
    dht11.o(i.DHT11_Init) refers to dht11.o(i.DHT11_Rst) for DHT11_Rst
    dht11.o(i.DHT11_Init) refers to dht11.o(i.DHT11_Check) for DHT11_Check
    dht11.o(i.DHT11_Read_Bit) refers to delay.o(i.delay_us) for delay_us
    dht11.o(i.DHT11_Read_Byte) refers to dht11.o(i.DHT11_Read_Bit) for DHT11_Read_Bit
    dht11.o(i.DHT11_Read_Data) refers to dht11.o(i.DHT11_Rst) for DHT11_Rst
    dht11.o(i.DHT11_Read_Data) refers to dht11.o(i.DHT11_Check) for DHT11_Check
    dht11.o(i.DHT11_Read_Data) refers to dht11.o(i.DHT11_Read_Byte) for DHT11_Read_Byte
    dht11.o(i.DHT11_Rst) refers to delay.o(i.delay_ms) for delay_ms
    dht11.o(i.DHT11_Rst) refers to delay.o(i.delay_us) for delay_us
    oled.o(i.I2C_Start) refers to stm32f10x_gpio.o(i.GPIO_SetBits) for GPIO_SetBits
    oled.o(i.I2C_Start) refers to stm32f10x_gpio.o(i.GPIO_ResetBits) for GPIO_ResetBits
    oled.o(i.I2C_Stop) refers to stm32f10x_gpio.o(i.GPIO_SetBits) for GPIO_SetBits
    oled.o(i.I2C_Stop) refers to stm32f10x_gpio.o(i.GPIO_ResetBits) for GPIO_ResetBits
    oled.o(i.I2C_WaitAck) refers to stm32f10x_gpio.o(i.GPIO_SetBits) for GPIO_SetBits
    oled.o(i.I2C_WaitAck) refers to stm32f10x_gpio.o(i.GPIO_ResetBits) for GPIO_ResetBits
    oled.o(i.OLED_Clear) refers to oled.o(i.OLED_Refresh) for OLED_Refresh
    oled.o(i.OLED_Clear) refers to oled.o(.bss) for OLED_GRAM
    oled.o(i.OLED_ClearPoint) refers to oled.o(.bss) for OLED_GRAM
[...]
    ..\NET\device\esp8266.c                  0x00000000   Number         0  esp8266.o ABSOLUTE
    ..\NET\onenet\onenet.c                   0x00000000   Number         0  onenet.o ABSOLUTE
    ..\STM32F10x_FWLib\src\misc.c            0x00000000   Number         0  misc.o ABSOLUTE
    ..\STM32F10x_FWLib\src\stm32f10x_dbgmcu.c 0x00000000   Number         0  stm32f10x_dbgmcu.o ABSOLUTE
    ..\STM32F10x_FWLib\src\stm32f10x_exti.c  0x00000000   Number         0  stm32f10x_exti.o ABSOLUTE
    ..\STM32F10x_FWLib\src\stm32f10x_gpio.c  0x00000000   Number         0  stm32f10x_gpio.o ABSOLUTE
    ..\STM32F10x_FWLib\src\stm32f10x_rcc.c   0x00000000   Number         0  stm32f10x_rcc.o ABSOLUTE
    ..\STM32F10x_FWLib\src\stm32f10x_tim.c   0x00000000   Number         0  stm32f10x_tim.o ABSOLUTE
    ..\STM32F10x_FWLib\src\stm32f10x_usart.c 0x00000000   Number         0  stm32f10x_usart.o ABSOLUTE
    ..\SYSTEM\EXTI\exti.c                    0x00000000   Number         0  exti.o ABSOLUTE
    ..\SYSTEM\delay\delay.c                  0x00000000   Number         0  delay.o ABSOLUTE
    ..\SYSTEM\sys\sys.c                      0x00000000   Number         0  sys.o ABSOLUTE
    ..\SYSTEM\usart1\usart1.c                0x00000000   Number         0  usart1.o ABSOLUTE
    ..\SYSTEM\usart2\usart2.c                0x00000000   Number         0  usart2.o ABSOLUTE
    ..\\CORE\\core_cm3.c                     0x00000000   Number         0  core_cm3.o ABSOLUTE
    ..\\SYSTEM\\sys\\sys.c                   0x00000000   Number         0  sys.o ABSOLUTE
    cdcmple.s                                0x00000000   Number         0  cdcmple.o ABSOLUTE
    cdrcmple.s                               0x00000000   Number         0  cdrcmple.o ABSOLUTE
    dc.s                                     0x00000000   Number         0  dc.o ABSOLUTE
    handlers.s                               0x00000000   Number         0  handlers.o ABSOLUTE
    init.s                                   0x00000000   Number         0  init.o ABSOLUTE
    main.c                                   0x00000000   Number         0  main.o ABSOLUTE
    stm32f10x_it.c                           0x00000000   Number         0  stm32f10x_it.o ABSOLUTE
    system_stm32f10x.c                       0x00000000   Number         0  system_stm32f10x.o ABSOLUTE
    RESET                                    0x08000000   Section      304  startup_stm32f10x_hd.o(RESET)
    .ARM.Collect$$$$00000000                 0x08000130   Section        0  entry.o(.ARM.Collect$$$$00000000)
    .ARM.Collect$$$$00000001                 0x08000130   Section        4  entry2.o(.ARM.Collect$$$$00000001)
    .ARM.Collect$$$$00000004                 0x08000134   Section        4  entry5.o(.ARM.Collect$$$$00000004)
    .ARM.Collect$$$$00000008                 0x08000138   Section        0  entry7b.o(.ARM.Collect$$$$00000008)
    .ARM.Collect$$$$0000000A                 0x08000138   Section        0  entry8b.o(.ARM.Collect$$$$0000000A)
    .ARM.Collect$$$$0000000B                 0x08000138   Section        8  entry9a.o(.ARM.Collect$$$$0000000B)
    .ARM.Collect$$$$0000000D                 0x08000140   Section        0  entry10a.o(.ARM.Collect$$$$0000000D)
    .ARM.Collect$$$$0000000F                 0x08000140   Section        0  entry11a.o(.ARM.Collect$$$$0000000F)
    .ARM.Collect$$$$00002712                 0x08000140   Section        4  entry2.o(.ARM.Collect$$$$00002712)
    __lit__00000000                          0x08000140   Data           4  entry2.o(.ARM.Collect$$$$00002712)
    .text                                    0x08000144   Section       36  startup_stm32f10x_hd.o(.text)
    .text                                    0x08000168   Section        0  tolower.o(.text)
    .text                                    0x08000174   Section        0  memcpya.o(.text)
    .text                                    0x08000198   Section        0  memseta.o(.text)
    .text                                    0x080001bc   Section        0  strstr.o(.text)
    .text                                    0x080001e0   Section        0  strchr.o(.text)
    .text                                    0x080001f4   Section        0  strlen.o(.text)
    .text                                    0x08000202   Section        0  strncat.o(.text)
    .text                                    0x0800022a   Section        0  strncmp.o(.text)
    .text                                    0x08000248   Section        0  atoi.o(.text)
    .text                                    0x08000262   Section        0  dadd.o(.text)
    .text                                    0x080003b0   Section        0  dmul.o(.text)
    .text                                    0x08000494   Section        0  dflti.o(.text)
    .text                                    0x080004b6   Section        0  dfixi.o(.text)
    .text                                    0x080004f4   Section       48  cdrcmple.o(.text)
    .text                                    0x08000524   Section        0  uidiv.o(.text)
    .text                                    0x08000550   Section        0  uldiv.o(.text)
    .text                                    0x080005b2   Section        0  llshl.o(.text)
    .text                                    0x080005d0   Section        0  llushr.o(.text)
    .text                                    0x080005f0   Section        0  llsshr.o(.text)
    .text                                    0x08000614   Section        0  strtol.o(.text)
    .text                                    0x08000684   Section        0  depilogue.o(.text)
    .text                                    0x08000684   Section        0  iusefp.o(.text)
    .text                                    0x0800073e   Section        0  ddiv.o(.text)
    .text                                    0x0800081c   Section        0  dscalb.o(.text)
    .text                                    0x0800084a   Section        0  dfixul.o(.text)
    .text                                    0x0800087c   Section       36  init.o(.text)
    .text                                    0x080008a0   Section        0  ctype_o.o(.text)
    .text                                    0x080008a8   Section        0  _strtoul.o(.text)
    .text                                    0x08000946   Section        0  dsqrt.o(.text)
    .text                                    0x080009e8   Section        0  _chval.o(.text)
    .text                                    0x08000a04   Section        0  __dczerorl2.o(.text)
    i.BEEP_Init                              0x08000a5c   Section        0  beep.o(i.BEEP_Init)
    i.BusFault_Handler                       0x08000a94   Section        0  stm32f10x_it.o(i.BusFault_Handler)
    i.DHT11_Check                            0x08000a98   Section        0  dht11.o(i.DHT11_Check)
    i.DHT11_Init                             0x08000afc   Section        0  dht11.o(i.DHT11_Init)
    i.DHT11_Read_Bit                         0x08000b3c   Section        0  dht11.o(i.DHT11_Read_Bit)
    i.DHT11_Read_Byte                        0x08000b88   Section        0  dht11.o(i.DHT11_Read_Byte)
    i.DHT11_Read_Data                        0x08000ba6   Section        0  dht11.o(i.DHT11_Read_Data)
    i.DHT11_Rst                              0x08000c14   Section        0  dht11.o(i.DHT11_Rst)
    i.DebugMon_Handler                       0x08000c54   Section        0  stm32f10x_it.o(i.DebugMon_Handler)
    i.ESP8266_Clear                          0x08000c58   Section        0  esp8266.o(i.ESP8266_Clear)
    i.ESP8266_GetIPD                         0x08000c74   Section        0  esp8266.o(i.ESP8266_GetIPD)
    i.ESP8266_Init                           0x08000cc4   Section        0  esp8266.o(i.ESP8266_Init)
    i.ESP8266_SendCmd                        0x08000f00   Section        0  esp8266.o(i.ESP8266_SendCmd)
    i.ESP8266_SendData                       0x08000f54   Section        0  esp8266.o(i.ESP8266_SendData)
    i.ESP8266_WaitRecive                     0x08000f9c   Section        0  esp8266.o(i.ESP8266_WaitRecive)
    i.EXTI3_IRQHandler                       0x08000fd0   Section        0  exti.o(i.EXTI3_IRQHandler)
    i.EXTI4_IRQHandler                       0x08001004   Section        0  exti.o(i.EXTI4_IRQHandler)
    i.EXTIX_Init                             0x08001040   Section        0  exti.o(i.EXTIX_Init)
    i.EXTI_ClearITPendingBit                 0x080010bc   Section        0  stm32f10x_exti.o(i.EXTI_ClearITPendingBit)
    i.EXTI_Init                              0x080010c8   Section        0  stm32f10x_exti.o(i.EXTI_Init)
    i.GPIO_EXTILineConfig                    0x0800115c   Section        0  stm32f10x_gpio.o(i.GPIO_EXTILineConfig)
    i.GPIO_Init                              0x0800119c   Section        0  stm32f10x_gpio.o(i.GPIO_Init)
    i.GPIO_ReadInputDataBit                  0x080012b2   Section        0  stm32f10x_gpio.o(i.GPIO_ReadInputDataBit)
    i.GPIO_ResetBits                         0x080012c4   Section        0  stm32f10x_gpio.o(i.GPIO_ResetBits)
    i.GPIO_SetBits                           0x080012c8   Section        0  stm32f10x_gpio.o(i.GPIO_SetBits)
    i.GPIO_WriteBit                          0x080012cc   Section        0  stm32f10x_gpio.o(i.GPIO_WriteBit)
    i.HardFault_Handler                      0x080012d6   Section        0  stm32f10x_it.o(i.HardFault_Handler)
    i.I2C_Start                              0x080012dc   Section        0  oled.o(i.I2C_Start)
    i.I2C_Stop                               0x0800130c   Section        0  oled.o(i.I2C_Stop)
    i.I2C_WaitAck                            0x08001334   Section        0  oled.o(i.I2C_WaitAck)
    i.KEY_Init                               0x08001350   Section        0  key.o(i.KEY_Init)
    i.LED_Init                               0x0800138c   Section        0  led.o(i.LED_Init)
    i.MQTT_DeleteBuffer                      0x080013d8   Section        0  mqttkit.o(i.MQTT_DeleteBuffer)
    i.MQTT_DumpLength                        0x080013f4   Section        0  mqttkit.o(i.MQTT_DumpLength)
    i.MQTT_NewBuffer                         0x08001422   Section        0  mqttkit.o(i.MQTT_NewBuffer)
    i.MQTT_PacketCmdResp                     0x0800147c   Section        0  mqttkit.o(i.MQTT_PacketCmdResp)
    i.MQTT_PacketConnect                     0x08001508   Section        0  mqttkit.o(i.MQTT_PacketConnect)
    i.MQTT_PacketPublish                     0x080017a8   Section        0  mqttkit.o(i.MQTT_PacketPublish)
    i.MQTT_PacketPublishAck                  0x08001960   Section        0  mqttkit.o(i.MQTT_PacketPublishAck)
    i.MQTT_PacketPublishComp                 0x080019a8   Section        0  mqttkit.o(i.MQTT_PacketPublishComp)
    i.MQTT_PacketPublishRec                  0x080019f0   Section        0  mqttkit.o(i.MQTT_PacketPublishRec)
    i.MQTT_PacketPublishRel                  0x08001a38   Section        0  mqttkit.o(i.MQTT_PacketPublishRel)
    i.MQTT_PacketSubscribe                   0x08001a80   Section        0  mqttkit.o(i.MQTT_PacketSubscribe)
    i.MQTT_ReadLength                        0x08001b7e   Section        0  mqttkit.o(i.MQTT_ReadLength)
    i.MQTT_UnPacketCmd                       0x08001bc4   Section        0  mqttkit.o(i.MQTT_UnPacketCmd)
    i.MQTT_UnPacketConnectAck                0x08001c50   Section        0  mqttkit.o(i.MQTT_UnPacketConnectAck)
    i.MQTT_UnPacketPublish                   0x08001c70   Section        0  mqttkit.o(i.MQTT_UnPacketPublish)
    i.MQTT_UnPacketPublishAck                0x08001e30   Section        0  mqttkit.o(i.MQTT_UnPacketPublishAck)
    i.MQTT_UnPacketPublishComp               0x08001e4e   Section        0  mqttkit.o(i.MQTT_UnPacketPublishComp)
    i.MQTT_UnPacketPublishRec                0x08001e6c   Section        0  mqttkit.o(i.MQTT_UnPacketPublishRec)
    i.MQTT_UnPacketPublishRel                0x08001e8a   Section        0  mqttkit.o(i.MQTT_UnPacketPublishRel)
    i.MQTT_UnPacketRecv                      0x08001eb0   Section        0  mqttkit.o(i.MQTT_UnPacketRecv)
    i.MQTT_UnPacketSubscribe                 0x08001f24   Section        0  mqttkit.o(i.MQTT_UnPacketSubscribe)
    i.MQTT_UnPacketUnSubscribe               0x08001f58   Section        0  mqttkit.o(i.MQTT_UnPacketUnSubscribe)
    i.MemManage_Handler                      0x08001f6a   Section        0  stm32f10x_it.o(i.MemManage_Handler)
    i.NMI_Handler                            0x08001f6e   Section        0  stm32f10x_it.o(i.NMI_Handler)
    i.NVIC_Init                              0x08001f70   Section        0  misc.o(i.NVIC_Init)
    i.NVIC_PriorityGroupConfig               0x08001fe0   Section        0  misc.o(i.NVIC_PriorityGroupConfig)
    i.OLED_Clear                             0x08001ff4   Section        0  oled.o(i.OLED_Clear)
    i.OLED_ClearPoint                        0x08002024   Section        0  oled.o(i.OLED_ClearPoint)
    i.OLED_ColorTurn                         0x08002084   Section        0  oled.o(i.OLED_ColorTurn)
    i.OLED_DisplayTurn                       0x080020a0   Section        0  oled.o(i.OLED_DisplayTurn)
    i.OLED_DrawPoint                         0x080020cc   Section        0  oled.o(i.OLED_DrawPoint)
    i.OLED_Init                              0x08002108   Section        0  oled.o(i.OLED_Init)
    i.OLED_Refresh                           0x08002278   Section        0  oled.o(i.OLED_Refresh)
    i.OLED_ShowChar                          0x080022c4   Section        0  oled.o(i.OLED_ShowChar)
    i.OLED_ShowChinese                       0x080023c0   Section        0  oled.o(i.OLED_ShowChinese)
    i.OLED_ShowString                        0x080024c8   Section        0  oled.o(i.OLED_ShowString)
    i.OLED_WR_Byte                           0x0800250a   Section        0  oled.o(i.OLED_WR_Byte)
    i.OneNet_DevLink                         0x08002544   Section        0  onenet.o(i.OneNet_DevLink)
    i.OneNet_Publish                         0x0800276c   Section        0  onenet.o(i.OneNet_Publish)
    i.OneNet_RevPro                          0x080027e8   Section        0  onenet.o(i.OneNet_RevPro)
    i.OneNet_Subscribe                       0x08002c5c   Section        0  onenet.o(i.OneNet_Subscribe)
    i.PendSV_Handler                         0x08002cc8   Section        0  stm32f10x_it.o(i.PendSV_Handler)
    i.RCC_APB1PeriphClockCmd                 0x08002ccc   Section        0  stm32f10x_rcc.o(i.RCC_APB1PeriphClockCmd)
    i.RCC_APB1PeriphResetCmd                 0x08002cec   Section        0  stm32f10x_rcc.o(i.RCC_APB1PeriphResetCmd)
    i.RCC_APB2PeriphClockCmd                 0x08002d0c   Section        0  stm32f10x_rcc.o(i.RCC_APB2PeriphClockCmd)
    i.RCC_APB2PeriphResetCmd                 0x08002d2c   Section        0  stm32f10x_rcc.o(i.RCC_APB2PeriphResetCmd)
    i.RCC_GetClocksFreq                      0x08002d4c   Section        0  stm32f10x_rcc.o(i.RCC_GetClocksFreq)
    i.SVC_Handler                            0x08002e20   Section        0  stm32f10x_it.o(i.SVC_Handler)
    i.Send_Byte                              0x08002e24   Section        0  oled.o(i.Send_Byte)
    i.SetSysClock                            0x08002e78   Section        0  system_stm32f10x.o(i.SetSysClock)
    SetSysClock                              0x08002e79   Thumb Code     8  system_stm32f10x.o(i.SetSysClock)
    i.SetSysClockTo72                        0x08002e80   Section        0  system_stm32f10x.o(i.SetSysClockTo72)
    SetSysClockTo72                          0x08002e81   Thumb Code   214  system_stm32f10x.o(i.SetSysClockTo72)
    i.SysTick_CLKSourceConfig                0x08002f60   Section        0  misc.o(i.SysTick_CLKSourceConfig)
    i.SysTick_Handler                        0x08002f88   Section        0  stm32f10x_it.o(i.SysTick_Handler)
    i.SystemInit                             0x08002f8c   Section        0  system_stm32f10x.o(i.SystemInit)
    i.TIM2_IRQHandler                        0x08002fec   Section        0  timer.o(i.TIM2_IRQHandler)
    i.TIM2_Int_Init                          0x080030c4   Section        0  timer.o(i.TIM2_Int_Init)
    i.TIM3_IRQHandler                        0x08003120   Section        0  timer.o(i.TIM3_IRQHandler)
    i.TIM3_Int_Init                          0x08003184   Section        0  timer.o(i.TIM3_Int_Init)
    i.TIM_ClearITPendingBit                  0x080031e4   Section        0  stm32f10x_tim.o(i.TIM_ClearITPendingBit)
    i.TIM_Cmd                                0x080031ea   Section        0  stm32f10x_tim.o(i.TIM_Cmd)
    i.TIM_GetITStatus                        0x08003202   Section        0  stm32f10x_tim.o(i.TIM_GetITStatus)
    i.TIM_ITConfig                           0x08003224   Section        0  stm32f10x_tim.o(i.TIM_ITConfig)
    i.TIM_TimeBaseInit                       0x08003238   Section        0  stm32f10x_tim.o(i.TIM_TimeBaseInit)
    i.USART1_IRQHandler                      0x080032dc   Section        0  usart1.o(i.USART1_IRQHandler)
    i.USART2_IRQHandler                      0x080032f8   Section        0  esp8266.o(i.USART2_IRQHandler)
    i.USART_ClearFlag                        0x08003344   Section        0  stm32f10x_usart.o(i.USART_ClearFlag)
    i.USART_Cmd                              0x08003356   Section        0  stm32f10x_usart.o(i.USART_Cmd)
    i.USART_DeInit                           0x08003370   Section        0  stm32f10x_usart.o(i.USART_DeInit)
    i.USART_GetFlagStatus                    0x0800340c   Section        0  stm32f10x_usart.o(i.USART_GetFlagStatus)
    i.USART_GetITStatus                      0x08003426   Section        0  stm32f10x_usart.o(i.USART_GetITStatus)
    i.USART_ITConfig                         0x0800347a   Section        0  stm32f10x_usart.o(i.USART_ITConfig)
    i.USART_Init                             0x080034c4   Section        0  stm32f10x_usart.o(i.USART_Init)
    i.USART_SendData                         0x0800359c   Section        0  stm32f10x_usart.o(i.USART_SendData)
    i.UsageFault_Handler                     0x080035a4   Section        0  stm32f10x_it.o(i.UsageFault_Handler)
    i.Usart1_Init                            0x080035a8   Section        0  usart1.o(i.Usart1_Init)
    i.Usart2_Init                            0x08003628   Section        0  usart2.o(i.Usart2_Init)
    i.UsartPrintf                            0x080036e0   Section        0  usart1.o(i.UsartPrintf)
    i.Usart_SendString                       0x08003728   Section        0  usart1.o(i.Usart_SendString)
    i.__0sprintf                             0x0800375c   Section        0  printfa.o(i.__0sprintf)
    i.__0vsnprintf                           0x08003784   Section        0  printfa.o(i.__0vsnprintf)
    i.__0vsprintf                            0x080037a8   Section        0  printfa.o(i.__0vsprintf)
    i.__ARM_fpclassify                       0x080037cc   Section        0  fpclassify.o(i.__ARM_fpclassify)
    i.__aeabi_errno_addr                     0x080037f4   Section        0  errno.o(i.__aeabi_errno_addr)
    i.__kernel_poly                          0x080037fc   Section        0  poly.o(i.__kernel_poly)
    i.__mathlib_dbl_divzero                  0x080038a8   Section        0  dunder.o(i.__mathlib_dbl_divzero)
    i.__mathlib_dbl_infnan2                  0x080038b8   Section        0  dunder.o(i.__mathlib_dbl_infnan2)
    i.__mathlib_dbl_invalid                  0x080038bc   Section        0  dunder.o(i.__mathlib_dbl_invalid)
    i.__mathlib_dbl_overflow                 0x080038c8   Section        0  dunder.o(i.__mathlib_dbl_overflow)
    i.__mathlib_dbl_underflow                0x080038d8   Section        0  dunder.o(i.__mathlib_dbl_underflow)
    i.__scatterload_copy                     0x080038e8   Section       14  handlers.o(i.__scatterload_copy)
    i.__scatterload_null                     0x080038f6   Section        2  handlers.o(i.__scatterload_null)
    i.__scatterload_zeroinit                 0x080038f8   Section       14  handlers.o(i.__scatterload_zeroinit)
    i.__set_errno                            0x08003908   Section        0  errno.o(i.__set_errno)
    i._fp_digits                             0x08003914   Section        0  printfa.o(i._fp_digits)
    _fp_digits                               0x08003915   Thumb Code   334  printfa.o(i._fp_digits)
    i._printf_core                           0x08003a78   Section        0  printfa.o(i._printf_core)
    _printf_core                             0x08003a79   Thumb Code  1744  printfa.o(i._printf_core)
    i._printf_post_padding                   0x08004154   Section        0  printfa.o(i._printf_post_padding)
    _printf_post_padding                     0x08004155   Thumb Code    36  printfa.o(i._printf_post_padding)
    i._printf_pre_padding                    0x08004178   Section        0  printfa.o(i._printf_pre_padding)
    _printf_pre_padding                      0x08004179   Thumb Code    46  printfa.o(i._printf_pre_padding)
    i._snputc                                0x080041a6   Section        0  printfa.o(i._snputc)
    _snputc                                  0x080041a7   Thumb Code    22  printfa.o(i._snputc)
    i._sputc                                 0x080041bc   Section        0  printfa.o(i._sputc)
    _sputc                                   0x080041bd   Thumb Code    10  printfa.o(i._sputc)
    i.cJSON_Delete                           0x080041c8   Section        0  cjson.o(i.cJSON_Delete)
    i.cJSON_GetErrorPtr                      0x08004220   Section        0  cjson.o(i.cJSON_GetErrorPtr)
    i.cJSON_GetObjectItem                    0x0800422c   Section        0  cjson.o(i.cJSON_GetObjectItem)
    i.cJSON_New_Item                         0x0800424c   Section        0  cjson.o(i.cJSON_New_Item)
    cJSON_New_Item                           0x0800424d   Thumb Code    26  cjson.o(i.cJSON_New_Item)
    i.cJSON_Parse                            0x0800426c   Section        0  cjson.o(i.cJSON_Parse)
    i.cJSON_ParseWithOpts                    0x0800427c   Section        0  cjson.o(i.cJSON_ParseWithOpts)
    i.cJSON_strcasecmp                       0x080042e0   Section        0  cjson.o(i.cJSON_strcasecmp)
    cJSON_strcasecmp                         0x080042e1   Thumb Code    76  cjson.o(i.cJSON_strcasecmp)
    i.delay_init                             0x0800432c   Section        0  delay.o(i.delay_init)
    i.delay_ms                               0x08004370   Section        0  delay.o(i.delay_ms)
    i.delay_us                               0x080043bc   Section        0  delay.o(i.delay_us)
    i.free                                   0x08004408   Section        0  malloc.o(i.free)
    i.main                                   0x08004458   Section        0  main.o(i.main)
    i.malloc                                 0x08004610   Section        0  malloc.o(i.malloc)
    i.parse_array                            0x0800467c   Section        0  cjson.o(i.parse_array)
    parse_array                              0x0800467d   Thumb Code   166  cjson.o(i.parse_array)
    i.parse_hex4                             0x08004728   Section        0  cjson.o(i.parse_hex4)
    parse_hex4                               0x08004729   Thumb Code   276  cjson.o(i.parse_hex4)
    i.parse_number                           0x0800483c   Section        0  cjson.o(i.parse_number)
    parse_number                             0x0800483d   Thumb Code   432  cjson.o(i.parse_number)
    i.parse_object                           0x080049f8   Section        0  cjson.o(i.parse_object)
    parse_object                             0x080049f9   Thumb Code   270  cjson.o(i.parse_object)
    i.parse_string                           0x08004b0c   Section        0  cjson.o(i.parse_string)
    parse_string                             0x08004b0d   Thumb Code   448  cjson.o(i.parse_string)
    i.parse_value                            0x08004cd8   Section        0  cjson.o(i.parse_value)
    parse_value                              0x08004cd9   Thumb Code   158  cjson.o(i.parse_value)
    i.pow                                    0x08004d94   Section        0  pow.o(i.pow)
    i.skip                                   0x0800574c   Section        0  cjson.o(i.skip)
    skip                                     0x0800574d   Thumb Code    18  cjson.o(i.skip)
    i.sqrt                                   0x0800575e   Section        0  sqrt.o(i.sqrt)
    i.u1_printf                              0x080057ac   Section        0  usart1.o(i.u1_printf)
    .constdata                               0x08005808   Section        4  main.o(.constdata)
    .constdata                               0x0800580c   Section     6080  oled.o(.constdata)
    .constdata                               0x08006fcc   Section        7  cjson.o(.constdata)
    firstByteMark                            0x08006fcc   Data           7  cjson.o(.constdata)
    .constdata                               0x08006fd8   Section      136  pow.o(.constdata)
    bp                                       0x08006fd8   Data          16  pow.o(.constdata)
    dp_h                                     0x08006fe8   Data          16  pow.o(.constdata)
    dp_l                                     0x08006ff8   Data          16  pow.o(.constdata)
    L                                        0x08007008   Data          48  pow.o(.constdata)
    P                                        0x08007038   Data          40  pow.o(.constdata)
    .constdata                               0x08007060   Section        8  qnan.o(.constdata)
    .constdata                               0x08007068   Section      129  ctype_o.o(.constdata)
    .constdata                               0x080070ec   Section        4  ctype_o.o(.constdata)
    table                                    0x080070ec   Data           4  ctype_o.o(.constdata)
    .conststring                             0x080070f0   Section       15  main.o(.conststring)
    .data                                    0x20000000   Section        5  main.o(.data)
    .data                                    0x20000008   Section       20  system_stm32f10x.o(.data)
    .data                                    0x2000001c   Section     4984  oled.o(.data)
    .data                                    0x20001394   Section        4  delay.o(.data)
    fac_us                                   0x20001394   Data           1  delay.o(.data)
    fac_ms                                   0x20001396   Data           2  delay.o(.data)
    .data                                    0x20001398   Section       20  stm32f10x_rcc.o(.data)
    APBAHBPrescTable                         0x20001398   Data          16  stm32f10x_rcc.o(.data)
    ADCPrescTable                            0x200013a8   Data           4  stm32f10x_rcc.o(.data)
    .data                                    0x200013ac   Section        4  esp8266.o(.data)
    .data                                    0x200013b0   Section        2  onenet.o(.data)
    pkt_id                                   0x200013b0   Data           2  onenet.o(.data)
    .data                                    0x200013b4   Section       12  cjson.o(.data)
    ep                                       0x200013b4   Data           4  cjson.o(.data)
    cJSON_malloc                             0x200013b8   Data           4  cjson.o(.data)
    cJSON_free                               0x200013bc   Data           4  cjson.o(.data)
    .data                                    0x200013c0   Section        4  mvars.o(.data)
    .data                                    0x200013c4   Section        4  mvars.o(.data)
    .data                                    0x200013c8   Section        4  errno.o(.data)
    _errno                                   0x200013c8   Data           4  errno.o(.data)
    .bss                                     0x200013cc   Section      256  main.o(.bss)
    .bss                                     0x200014cc   Section     1152  oled.o(.bss)
    .bss                                     0x2000194c   Section       24  timer.o(.bss)
    .bss                                     0x20001968   Section      256  usart1.o(.bss)
    .bss                                     0x20001a68   Section      128  esp8266.o(.bss)
    HEAP                                     0x20001ae8   Section      512  startup_stm32f10x_hd.o(HEAP)
    STACK                                    0x20001ce8   Section     1024  startup_stm32f10x_hd.o(STACK)

    Global Symbols

    Symbol Name                              Value     Ov Type        Size  Object(Section)

    BuildAttributes$$THM_ISAv4$P$D$K$B$S$PE$A:L22UL41UL21$X:L11$S22US41US21$IEEE1$IW$USESV6$~STKCKD$USESV7$~SHL$OTIME$ROPI$IEEEX$EBA8$MICROLIB$REQ8$PRES8$EABIv2 0x00000000   Number         0  anon$$obj.o ABSOLUTE
    __ARM_use_no_argv                        0x00000000   Number         0  main.o ABSOLUTE
    __use_no_errno                           0x00000000   Number         0  useno.o ABSOLUTE
    __use_no_exception_handling              0x00000000   Number         0  useno.o ABSOLUTE
    __use_no_fp                              0x00000000   Number         0  useno.o ABSOLUTE
    __use_no_heap                            0x00000000   Number         0  useno.o ABSOLUTE
    __use_no_heap_region                     0x00000000   Number         0  useno.o ABSOLUTE
    __use_no_semihosting                     0x00000000   Number         0  useno.o ABSOLUTE
    __use_no_semihosting_swi                 0x00000000   Number         0  useno.o ABSOLUTE
    __use_no_signal_handling                 0x00000000   Number         0  useno.o ABSOLUTE
    _printf_a                                0x00000000   Number         0  stubs.o ABSOLUTE
    _printf_c                                0x00000000   Number         0  stubs.o ABSOLUTE
    _printf_charcount                        0x00000000   Number         0  stubs.o ABSOLUTE
    _printf_d                                0x00000000   Number         0  stubs.o ABSOLUTE
    _printf_e                                0x00000000   Number         0  stubs.o ABSOLUTE
    _printf_f                                0x00000000   Number         0  stubs.o ABSOLUTE
    _printf_flags                            0x00000000   Number         0  stubs.o ABSOLUTE
    _printf_fp_dec                           0x00000000   Number         0  stubs.o ABSOLUTE
    _printf_fp_hex                           0x00000000   Number         0  stubs.o ABSOLUTE
    _printf_g                                0x00000000   Number         0  stubs.o ABSOLUTE
    _printf_i                                0x00000000   Number         0  stubs.o ABSOLUTE
    _printf_int_dec                          0x00000000   Number         0  stubs.o ABSOLUTE
    _printf_l                                0x00000000   Number         0  stubs.o ABSOLUTE
    _printf_lc                               0x00000000   Number         0  stubs.o ABSOLUTE
    _printf_ll                               0x00000000   Number         0  stubs.o ABSOLUTE
    _printf_lld                              0x00000000   Number         0  stubs.o ABSOLUTE
    _printf_lli                              0x00000000   Number         0  stubs.o ABSOLUTE
    _printf_llo                              0x00000000   Number         0  stubs.o ABSOLUTE
    _printf_llu                              0x00000000   Number         0  stubs.o ABSOLUTE
    _printf_llx                              0x00000000   Number         0  stubs.o ABSOLUTE
    _printf_longlong_dec                     0x00000000   Number         0  stubs.o ABSOLUTE
    _printf_longlong_hex                     0x00000000   Number         0  stubs.o ABSOLUTE
    _printf_longlong_oct                     0x00000000   Number         0  stubs.o ABSOLUTE
    _printf_ls                               0x00000000   Number         0  stubs.o ABSOLUTE
    _printf_mbtowc                           0x00000000   Number         0  stubs.o ABSOLUTE
    _printf_n                                0x00000000   Number         0  stubs.o ABSOLUTE
    _printf_o                                0x00000000   Number         0  stubs.o ABSOLUTE
    _printf_p                                0x00000000   Number         0  stubs.o ABSOLUTE
    _printf_percent                          0x00000000   Number         0  stubs.o ABSOLUTE
    _printf_pre_padding                      0x00000000   Number         0  stubs.o ABSOLUTE
    _printf_return_value                     0x00000000   Number         0  stubs.o ABSOLUTE
    _printf_s                                0x00000000   Number         0  stubs.o ABSOLUTE
    _printf_sizespec                         0x00000000   Number         0  stubs.o ABSOLUTE
    _printf_str                              0x00000000   Number         0  stubs.o ABSOLUTE
    _printf_truncate_signed                  0x00000000   Number         0  stubs.o ABSOLUTE
    _printf_truncate_unsigned                0x00000000   Number         0  stubs.o ABSOLUTE
    _printf_u                                0x00000000   Number         0  stubs.o ABSOLUTE
    _printf_wc                               0x00000000   Number         0  stubs.o ABSOLUTE
    _printf_wctomb                           0x00000000   Number         0  stubs.o ABSOLUTE
    _printf_widthprec                        0x00000000   Number         0  stubs.o ABSOLUTE
    _printf_x                                0x00000000   Number         0  stubs.o ABSOLUTE
    __cpp_initialize__aeabi_                  - Undefined Weak Reference
    __cxa_finalize                            - Undefined Weak Reference
    _clock_init                               - Undefined Weak Reference
    _microlib_exit                            - Undefined Weak Reference
    __Vectors_Size                           0x00000130   Number         0  startup_stm32f10x_hd.o ABSOLUTE
    __Vectors                                0x08000000   Data           4  startup_stm32f10x_hd.o(RESET)
    __Vectors_End                            0x08000130   Data           0  startup_stm32f10x_hd.o(RESET)
    __main                                   0x08000131   Thumb Code     0  entry.o(.ARM.Collect$$$$00000000)
    _main_stk                                0x08000131   Thumb Code     0  entry2.o(.ARM.Collect$$$$00000001)
    _main_scatterload                        0x08000135   Thumb Code     0  entry5.o(.ARM.Collect$$$$00000004)
    __main_after_scatterload                 0x08000139   Thumb Code     0  entry5.o(.ARM.Collect$$$$00000004)
    _main_clock                              0x08000139   Thumb Code     0  entry7b.o(.ARM.Collect$$$$00000008)
    _main_cpp_init                           0x08000139   Thumb Code     0  entry8b.o(.ARM.Collect$$$$0000000A)
    _main_init                               0x08000139   Thumb Code     0  entry9a.o(.ARM.Collect$$$$0000000B)
    __rt_final_cpp                           0x08000141   Thumb Code     0  entry10a.o(.ARM.Collect$$$$0000000D)
    __rt_final_exit                          0x08000141   Thumb Code     0  entry11a.o(.ARM.Collect$$$$0000000F)
    Reset_Handler                            0x08000145   Thumb Code     8  startup_stm32f10x_hd.o(.text)
    ADC1_2_IRQHandler                        0x0800015f   Thumb Code     0  startup_stm32f10x_hd.o(.text)
    ADC3_IRQHandler                          0x0800015f   Thumb Code     0  startup_stm32f10x_hd.o(.text)
    CAN1_RX1_IRQHandler                      0x0800015f   Thumb Code     0  startup_stm32f10x_hd.o(.text)
    CAN1_SCE_IRQHandler                      0x0800015f   Thumb Code     0  startup_stm32f10x_hd.o(.text)
    DMA1_Channel1_IRQHandler                 0x0800015f   Thumb Code     0  startup_stm32f10x_hd.o(.text)
    DMA1_Channel2_IRQHandler                 0x0800015f   Thumb Code     0  startup_stm32f10x_hd.o(.text)
    DMA1_Channel3_IRQHandler                 0x0800015f   Thumb Code     0  startup_stm32f10x_hd.o(.text)
    DMA1_Channel4_IRQHandler                 0x0800015f   Thumb Code     0  startup_stm32f10x_hd.o(.text)
    DMA1_Channel5_IRQHandler                 0x0800015f   Thumb Code     0  startup_stm32f10x_hd.o(.text)
    DMA1_Channel6_IRQHandler                 0x0800015f   Thumb Code     0  startup_stm32f10x_hd.o(.text)
    DMA1_Channel7_IRQHandler                 0x0800015f   Thumb Code     0  startup_stm32f10x_hd.o(.text)
    DMA2_Channel1_IRQHandler                 0x0800015f   Thumb Code     0  startup_stm32f10x_hd.o(.text)
    DMA2_Channel2_IRQHandler                 0x0800015f   Thumb Code     0  startup_stm32f10x_hd.o(.text)
    DMA2_Channel3_IRQHandler                 0x0800015f   Thumb Code     0  startup_stm32f10x_hd.o(.text)
    DMA2_Channel4_5_IRQHandler               0x0800015f   Thumb Code     0  startup_stm32f10x_hd.o(.text)
    EXTI0_IRQHandler                         0x0800015f   Thumb Code     0  startup_stm32f10x_hd.o(.text)
    EXTI15_10_IRQHandler                     0x0800015f   Thumb Code     0  startup_stm32f10x_hd.o(.text)
    EXTI1_IRQHandler                         0x0800015f   Thumb Code     0  startup_stm32f10x_hd.o(.text)
    EXTI2_IRQHandler                         0x0800015f   Thumb Code     0  startup_stm32f10x_hd.o(.text)
    EXTI9_5_IRQHandler                       0x0800015f   Thumb Code     0  startup_stm32f10x_hd.o(.text)
    FLASH_IRQHandler                         0x0800015f   Thumb Code     0  startup_stm32f10x_hd.o(.text)
    FSMC_IRQHandler                          0x0800015f   Thumb Code     0  startup_stm32f10x_hd.o(.text)
    I2C1_ER_IRQHandler                       0x0800015f   Thumb Code     0  startup_stm32f10x_hd.o(.text)
    I2C1_EV_IRQHandler                       0x0800015f   Thumb Code     0  startup_stm32f10x_hd.o(.text)
    I2C2_ER_IRQHandler                       0x0800015f   Thumb Code     0  startup_stm32f10x_hd.o(.text)
    I2C2_EV_IRQHandler                       0x0800015f   Thumb Code     0  startup_stm32f10x_hd.o(.text)
    PVD_IRQHandler                           0x0800015f   Thumb Code     0  startup_stm32f10x_hd.o(.text)
    RCC_IRQHandler                           0x0800015f   Thumb Code     0  startup_stm32f10x_hd.o(.text)
    RTCAlarm_IRQHandler                      0x0800015f   Thumb Code     0  startup_stm32f10x_hd.o(.text)
    RTC_IRQHandler                           0x0800015f   Thumb Code     0  startup_stm32f10x_hd.o(.text)
    SDIO_IRQHandler                          0x0800015f   Thumb Code     0  startup_stm32f10x_hd.o(.text)
    SPI1_IRQHandler                          0x0800015f   Thumb Code     0  startup_stm32f10x_hd.o(.text)
    SPI2_IRQHandler                          0x0800015f   Thumb Code     0  startup_stm32f10x_hd.o(.text)
    SPI3_IRQHandler                          0x0800015f   Thumb Code     0  startup_stm32f10x_hd.o(.text)
    TAMPER_IRQHandler                        0x0800015f   Thumb Code     0  startup_stm32f10x_hd.o(.text)
    TIM1_BRK_IRQHandler                      0x0800015f   Thumb Code     0  startup_stm32f10x_hd.o(.text)
    TIM1_CC_IRQHandler                       0x0800015f   Thumb Code     0  startup_stm32f10x_hd.o(.text)
    TIM1_TRG_COM_IRQHandler                  0x0800015f   Thumb Code     0  startup_stm32f10x_hd.o(.text)
    TIM1_UP_IRQHandler                       0x0800015f   Thumb Code     0  startup_stm32f10x_hd.o(.text)
    TIM4_IRQHandler                          0x0800015f   Thumb Code     0  startup_stm32f10x_hd.o(.text)
    TIM5_IRQHandler                          0x0800015f   Thumb Code     0  startup_stm32f10x_hd.o(.text)
    TIM6_IRQHandler                          0x0800015f   Thumb Code     0  startup_stm32f10x_hd.o(.text)
    TIM7_IRQHandler                          0x0800015f   Thumb Code     0  startup_stm32f10x_hd.o(.text)
    TIM8_BRK_IRQHandler                      0x0800015f   Thumb Code     0  startup_stm32f10x_hd.o(.text)
    TIM8_CC_IRQHandler                       0x0800015f   Thumb Code     0  startup_stm32f10x_hd.o(.text)
    TIM8_TRG_COM_IRQHandler                  0x0800015f   Thumb Code     0  startup_stm32f10x_hd.o(.text)
    TIM8_UP_IRQHandler                       0x0800015f   Thumb Code     0  startup_stm32f10x_hd.o(.text)
    UART4_IRQHandler                         0x0800015f   Thumb Code     0  startup_stm32f10x_hd.o(.text)
    UART5_IRQHandler                         0x0800015f   Thumb Code     0  startup_stm32f10x_hd.o(.text)
    USART3_IRQHandler                        0x0800015f   Thumb Code     0  startup_stm32f10x_hd.o(.text)
    USBWakeUp_IRQHandler                     0x0800015f   Thumb Code     0  startup_stm32f10x_hd.o(.text)
    USB_HP_CAN1_TX_IRQHandler                0x0800015f   Thumb Code     0  startup_stm32f10x_hd.o(.text)
    USB_LP_CAN1_RX0_IRQHandler               0x0800015f   Thumb Code     0  startup_stm32f10x_hd.o(.text)
    WWDG_IRQHandler                          0x0800015f   Thumb Code     0  startup_stm32f10x_hd.o(.text)
    tolower                                  0x08000169   Thumb Code    12  tolower.o(.text)
    __aeabi_memcpy                           0x08000175   Thumb Code    36  memcpya.o(.text)
    __aeabi_memcpy4                          0x08000175   Thumb Code     0  memcpya.o(.text)
    __aeabi_memcpy8                          0x08000175   Thumb Code     0  memcpya.o(.text)
    __aeabi_memset                           0x08000199   Thumb Code    14  memseta.o(.text)
    __aeabi_memset4                          0x08000199   Thumb Code     0  memseta.o(.text)
    __aeabi_memset8                          0x08000199   Thumb Code     0  memseta.o(.text)
    __aeabi_memclr                           0x080001a7   Thumb Code     4  memseta.o(.text)
    __aeabi_memclr4                          0x080001a7   Thumb Code     0  memseta.o(.text)
    __aeabi_memclr8                          0x080001a7   Thumb Code     0  memseta.o(.text)
    _memset$wrapper                          0x080001ab   Thumb Code    18  memseta.o(.text)
    strstr                                   0x080001bd   Thumb Code    36  strstr.o(.text)
    strchr                                   0x080001e1   Thumb Code    20  strchr.o(.text)
    strlen                                   0x080001f5   Thumb Code    14  strlen.o(.text)
    strncat                                  0x08000203   Thumb Code    40  strncat.o(.text)
    strncmp                                  0x0800022b   Thumb Code    30  strncmp.o(.text)
    atoi                                     0x08000249   Thumb Code    26  atoi.o(.text)
    __aeabi_dadd                             0x08000263   Thumb Code   322  dadd.o(.text)
    __aeabi_dsub                             0x080003a5   Thumb Code     6  dadd.o(.text)
    __aeabi_drsub                            0x080003ab   Thumb Code     6  dadd.o(.text)
    __aeabi_dmul                             0x080003b1   Thumb Code   228  dmul.o(.text)
    __aeabi_i2d                              0x08000495   Thumb Code    34  dflti.o(.text)
    __aeabi_d2iz                             0x080004b7   Thumb Code    62  dfixi.o(.text)
    __aeabi_cdrcmple                         0x080004f5   Thumb Code    48  cdrcmple.o(.text)
    __aeabi_uidiv                            0x08000525   Thumb Code     0  uidiv.o(.text)
    __aeabi_uidivmod                         0x08000525   Thumb Code    44  uidiv.o(.text)
    __aeabi_uldivmod                         0x08000551   Thumb Code    98  uldiv.o(.text)
    __aeabi_llsl                             0x080005b3   Thumb Code    30  llshl.o(.text)
    _ll_shift_l                              0x080005b3   Thumb Code     0  llshl.o(.text)
    __aeabi_llsr                             0x080005d1   Thumb Code    32  llushr.o(.text)
    _ll_ushift_r                             0x080005d1   Thumb Code     0  llushr.o(.text)
    __aeabi_lasr                             0x080005f1   Thumb Code    36  llsshr.o(.text)
    _ll_sshift_r                             0x080005f1   Thumb Code     0  llsshr.o(.text)
    strtol                                   0x08000615   Thumb Code   112  strtol.o(.text)
    __I$use$fp                               0x08000685   Thumb Code     0  iusefp.o(.text)
    _double_round                            0x08000685   Thumb Code    30  depilogue.o(.text)
    _double_epilogue                         0x080006a3   Thumb Code   156  depilogue.o(.text)
    __aeabi_ddiv                             0x0800073f   Thumb Code   222  ddiv.o(.text)
    __ARM_scalbn                             0x0800081d   Thumb Code    46  dscalb.o(.text)
    scalbn                                   0x0800081d   Thumb Code     0  dscalb.o(.text)
    __aeabi_d2ulz                            0x0800084b   Thumb Code    48  dfixul.o(.text)
    __scatterload                            0x0800087d   Thumb Code    28  init.o(.text)
    __scatterload_rt2                        0x0800087d   Thumb Code     0  init.o(.text)
    __rt_ctype_table                         0x080008a1   Thumb Code     4  ctype_o.o(.text)
    _strtoul                                 0x080008a9   Thumb Code   158  _strtoul.o(.text)
    _dsqrt                                   0x08000947   Thumb Code   162  dsqrt.o(.text)
    _chval                                   0x080009e9   Thumb Code    28  _chval.o(.text)
    __decompress                             0x08000a05   Thumb Code     0  __dczerorl2.o(.text)
    __decompress1                            0x08000a05   Thumb Code    86  __dczerorl2.o(.text)
    BEEP_Init                                0x08000a5d   Thumb Code    50  beep.o(i.BEEP_Init)
    BusFault_Handler                         0x08000a95   Thumb Code     4  stm32f10x_it.o(i.BusFault_Handler)
    DHT11_Check                              0x08000a99   Thumb Code    92  dht11.o(i.DHT11_Check)
    DHT11_Init                               0x08000afd   Thumb Code    58  dht11.o(i.DHT11_Init)
    DHT11_Read_Bit                           0x08000b3d   Thumb Code    70  dht11.o(i.DHT11_Read_Bit)
    DHT11_Read_Byte                          0x08000b89   Thumb Code    30  dht11.o(i.DHT11_Read_Byte)
    DHT11_Read_Data                          0x08000ba7   Thumb Code   110  dht11.o(i.DHT11_Read_Data)
    DHT11_Rst                                0x08000c15   Thumb Code    52  dht11.o(i.DHT11_Rst)
    DebugMon_Handler                         0x08000c55   Thumb Code     2  stm32f10x_it.o(i.DebugMon_Handler)
    ESP8266_Clear                            0x08000c59   Thumb Code    18  esp8266.o(i.ESP8266_Clear)
    ESP8266_GetIPD                           0x08000c75   Thumb Code    66  esp8266.o(i.ESP8266_GetIPD)
    ESP8266_Init                             0x08000cc5   Thumb Code   288  esp8266.o(i.ESP8266_Init)
    ESP8266_SendCmd                          0x08000f01   Thumb Code    76  esp8266.o(i.ESP8266_SendCmd)
    ESP8266_SendData                         0x08000f55   Thumb Code    46  esp8266.o(i.ESP8266_SendData)
    ESP8266_WaitRecive                       0x08000f9d   Thumb Code    42  esp8266.o(i.ESP8266_WaitRecive)
    EXTI3_IRQHandler                         0x08000fd1   Thumb Code    38  exti.o(i.EXTI3_IRQHandler)
    EXTI4_IRQHandler                         0x08001005   Thumb Code    44  exti.o(i.EXTI4_IRQHandler)
    EXTIX_Init                               0x08001041   Thumb Code   122  exti.o(i.EXTIX_Init)
    EXTI_ClearITPendingBit                   0x080010bd   Thumb Code     6  stm32f10x_exti.o(i.EXTI_ClearITPendingBit)
    EXTI_Init                                0x080010c9   Thumb Code   142  stm32f10x_exti.o(i.EXTI_Init)
    GPIO_EXTILineConfig                      0x0800115d   Thumb Code    60  stm32f10x_gpio.o(i.GPIO_EXTILineConfig)
    GPIO_Init                                0x0800119d   Thumb Code   278  stm32f10x_gpio.o(i.GPIO_Init)
    GPIO_ReadInputDataBit                    0x080012b3   Thumb Code    18  stm32f10x_gpio.o(i.GPIO_ReadInputDataBit)
    GPIO_ResetBits                           0x080012c5   Thumb Code     4  stm32f10x_gpio.o(i.GPIO_ResetBits)
    GPIO_SetBits                             0x080012c9   Thumb Code     4  stm32f10x_gpio.o(i.GPIO_SetBits)
    GPIO_WriteBit                            0x080012cd   Thumb Code    10  stm32f10x_gpio.o(i.GPIO_WriteBit)
    HardFault_Handler                        0x080012d7   Thumb Code     4  stm32f10x_it.o(i.HardFault_Handler)
    I2C_Start                                0x080012dd   Thumb Code    40  oled.o(i.I2C_Start)
    I2C_Stop                                 0x0800130d   Thumb Code    30  oled.o(i.I2C_Stop)
    I2C_WaitAck                              0x08001335   Thumb Code    24  oled.o(i.I2C_WaitAck)
    KEY_Init                                 0x08001351   Thumb Code    52  key.o(i.KEY_Init)
    LED_Init                                 0x0800138d   Thumb Code    68  led.o(i.LED_Init)
    MQTT_DeleteBuffer                        0x080013d9   Thumb Code    28  mqttkit.o(i.MQTT_DeleteBuffer)
    MQTT_DumpLength                          0x080013f5   Thumb Code    46  mqttkit.o(i.MQTT_DumpLength)
    MQTT_NewBuffer                           0x08001423   Thumb Code    88  mqttkit.o(i.MQTT_NewBuffer)
    MQTT_PacketCmdResp                       0x0800147d   Thumb Code   132  mqttkit.o(i.MQTT_PacketCmdResp)
    MQTT_PacketConnect                       0x08001509   Thumb Code   666  mqttkit.o(i.MQTT_PacketConnect)
    MQTT_PacketPublish                       0x080017a9   Thumb Code   440  mqttkit.o(i.MQTT_PacketPublish)
    MQTT_PacketPublishAck                    0x08001961   Thumb Code    72  mqttkit.o(i.MQTT_PacketPublishAck)
    MQTT_PacketPublishComp                   0x080019a9   Thumb Code    72  mqttkit.o(i.MQTT_PacketPublishComp)
    MQTT_PacketPublishRec                    0x080019f1   Thumb Code    72  mqttkit.o(i.MQTT_PacketPublishRec)
    MQTT_PacketPublishRel                    0x08001a39   Thumb Code    72  mqttkit.o(i.MQTT_PacketPublishRel)
    MQTT_PacketSubscribe                     0x08001a81   Thumb Code   254  mqttkit.o(i.MQTT_PacketSubscribe)
    MQTT_ReadLength                          0x08001b7f   Thumb Code    70  mqttkit.o(i.MQTT_ReadLength)
    MQTT_UnPacketCmd                         0x08001bc5   Thumb Code   140  mqttkit.o(i.MQTT_UnPacketCmd)
    MQTT_UnPacketConnectAck                  0x08001c51   Thumb Code    30  mqttkit.o(i.MQTT_UnPacketConnectAck)
    MQTT_UnPacketPublish                     0x08001c71   Thumb Code   438  mqttkit.o(i.MQTT_UnPacketPublish)
    MQTT_UnPacketPublishAck                  0x08001e31   Thumb Code    30  mqttkit.o(i.MQTT_UnPacketPublishAck)
    MQTT_UnPacketPublishComp                 0x08001e4f   Thumb Code    30  mqttkit.o(i.MQTT_UnPacketPublishComp)
    MQTT_UnPacketPublishRec                  0x08001e6d   Thumb Code    30  mqttkit.o(i.MQTT_UnPacketPublishRec)
    MQTT_UnPacketPublishRel                  0x08001e8b   Thumb Code    36  mqttkit.o(i.MQTT_UnPacketPublishRel)
    MQTT_UnPacketRecv                        0x08001eb1   Thumb Code   106  mqttkit.o(i.MQTT_UnPacketRecv)
    MQTT_UnPacketSubscribe                   0x08001f25   Thumb Code    52  mqttkit.o(i.MQTT_UnPacketSubscribe)
    MQTT_UnPacketUnSubscribe                 0x08001f59   Thumb Code    18  mqttkit.o(i.MQTT_UnPacketUnSubscribe)
    MemManage_Handler                        0x08001f6b   Thumb Code     4  stm32f10x_it.o(i.MemManage_Handler)
    NMI_Handler                              0x08001f6f   Thumb Code     2  stm32f10x_it.o(i.NMI_Handler)
    NVIC_Init                                0x08001f71   Thumb Code   100  misc.o(i.NVIC_Init)
    NVIC_PriorityGroupConfig                 0x08001fe1   Thumb Code    10  misc.o(i.NVIC_PriorityGroupConfig)
    OLED_Clear                               0x08001ff5   Thumb Code    42  oled.o(i.OLED_Clear)
    OLED_ClearPoint                          0x08002025   Thumb Code    90  oled.o(i.OLED_ClearPoint)
    OLED_ColorTurn                           0x08002085   Thumb Code    28  oled.o(i.OLED_ColorTurn)
    OLED_DisplayTurn                         0x080020a1   Thumb Code    44  oled.o(i.OLED_DisplayTurn)
    OLED_DrawPoint                           0x080020cd   Thumb Code    54  oled.o(i.OLED_DrawPoint)
    OLED_Init                                0x08002109   Thumb Code   356  oled.o(i.OLED_Init)
    OLED_Refresh                             0x08002279   Thumb Code    70  oled.o(i.OLED_Refresh)
    OLED_ShowChar                            0x080022c5   Thumb Code   240  oled.o(i.OLED_ShowChar)
    OLED_ShowChinese                         0x080023c1   Thumb Code   248  oled.o(i.OLED_ShowChinese)
    OLED_ShowString                          0x080024c9   Thumb Code    66  oled.o(i.OLED_ShowString)
    OLED_WR_Byte                             0x0800250b   Thumb Code    56  oled.o(i.OLED_WR_Byte)
    OneNet_DevLink                           0x08002545   Thumb Code   212  onenet.o(i.OneNet_DevLink)
    OneNet_Publish                           0x0800276d   Thumb Code    86  onenet.o(i.OneNet_Publish)
    OneNet_RevPro                            0x080027e9   Thumb Code   660  onenet.o(i.OneNet_RevPro)
    OneNet_Subscribe                         0x08002c5d   Thumb Code    80  onenet.o(i.OneNet_Subscribe)
    PendSV_Handler                           0x08002cc9   Thumb Code     2  stm32f10x_it.o(i.PendSV_Handler)
    RCC_APB1PeriphClockCmd                   0x08002ccd   Thumb Code    26  stm32f10x_rcc.o(i.RCC_APB1PeriphClockCmd)
    RCC_APB1PeriphResetCmd                   0x08002ced   Thumb Code    26  stm32f10x_rcc.o(i.RCC_APB1PeriphResetCmd)
    RCC_APB2PeriphClockCmd                   0x08002d0d   Thumb Code    26  stm32f10x_rcc.o(i.RCC_APB2PeriphClockCmd)
    RCC_APB2PeriphResetCmd                   0x08002d2d   Thumb Code    26  stm32f10x_rcc.o(i.RCC_APB2PeriphResetCmd)
    RCC_GetClocksFreq                        0x08002d4d   Thumb Code   192  stm32f10x_rcc.o(i.RCC_GetClocksFreq)
    SVC_Handler                              0x08002e21   Thumb Code     2  stm32f10x_it.o(i.SVC_Handler)
    Send_Byte                                0x08002e25   Thumb Code    76  oled.o(i.Send_Byte)
    SysTick_CLKSourceConfig                  0x08002f61   Thumb Code    40  misc.o(i.SysTick_CLKSourceConfig)
    SysTick_Handler                          0x08002f89   Thumb Code     2  stm32f10x_it.o(i.SysTick_Handler)
    SystemInit                               0x08002f8d   Thumb Code    78  system_stm32f10x.o(i.SystemInit)
    TIM2_IRQHandler                          0x08002fed   Thumb Code   160  timer.o(i.TIM2_IRQHandler)
    TIM2_Int_Init                            0x080030c5   Thumb Code    92  timer.o(i.TIM2_Int_Init)
    TIM3_IRQHandler                          0x08003121   Thumb Code    78  timer.o(i.TIM3_IRQHandler)
    TIM3_Int_Init                            0x08003185   Thumb Code    90  timer.o(i.TIM3_Int_Init)
    TIM_ClearITPendingBit                    0x080031e5   Thumb Code     6  stm32f10x_tim.o(i.TIM_ClearITPendingBit)
    TIM_Cmd                                  0x080031eb   Thumb Code    24  stm32f10x_tim.o(i.TIM_Cmd)
    TIM_GetITStatus                          0x08003203   Thumb Code    34  stm32f10x_tim.o(i.TIM_GetITStatus)
    TIM_ITConfig                             0x08003225   Thumb Code    18  stm32f10x_tim.o(i.TIM_ITConfig)
    TIM_TimeBaseInit                         0x08003239   Thumb Code   122  stm32f10x_tim.o(i.TIM_TimeBaseInit)
    USART1_IRQHandler                        0x080032dd   Thumb Code    24  usart1.o(i.USART1_IRQHandler)
    USART2_IRQHandler                        0x080032f9   Thumb Code    62  esp8266.o(i.USART2_IRQHandler)
    USART_ClearFlag                          0x08003345   Thumb Code    18  stm32f10x_usart.o(i.USART_ClearFlag)
    USART_Cmd                                0x08003357   Thumb Code    24  stm32f10x_usart.o(i.USART_Cmd)
    USART_DeInit                             0x08003371   Thumb Code   134  stm32f10x_usart.o(i.USART_DeInit)
    USART_GetFlagStatus                      0x0800340d   Thumb Code    26  stm32f10x_usart.o(i.USART_GetFlagStatus)
    USART_GetITStatus                        0x08003427   Thumb Code    84  stm32f10x_usart.o(i.USART_GetITStatus)
    USART_ITConfig                           0x0800347b   Thumb Code    74  stm32f10x_usart.o(i.USART_ITConfig)
    USART_Init                               0x080034c5   Thumb Code   210  stm32f10x_usart.o(i.USART_Init)
    USART_SendData                           0x0800359d   Thumb Code     8  stm32f10x_usart.o(i.USART_SendData)
    UsageFault_Handler                       0x080035a5   Thumb Code     4  stm32f10x_it.o(i.UsageFault_Handler)
    Usart1_Init                              0x080035a9   Thumb Code   118  usart1.o(i.Usart1_Init)
    Usart2_Init                              0x08003629   Thumb Code   176  usart2.o(i.Usart2_Init)
    UsartPrintf                              0x080036e1   Thumb Code    72  usart1.o(i.UsartPrintf)
    Usart_SendString                         0x08003729   Thumb Code    50  usart1.o(i.Usart_SendString)
    __0sprintf                               0x0800375d   Thumb Code    34  printfa.o(i.__0sprintf)
    __1sprintf                               0x0800375d   Thumb Code     0  printfa.o(i.__0sprintf)
    __2sprintf                               0x0800375d   Thumb Code     0  printfa.o(i.__0sprintf)
    __c89sprintf                             0x0800375d   Thumb Code     0  printfa.o(i.__0sprintf)
    sprintf                                  0x0800375d   Thumb Code     0  printfa.o(i.__0sprintf)
    __0vsnprintf                             0x08003785   Thumb Code    32  printfa.o(i.__0vsnprintf)
    __1vsnprintf                             0x08003785   Thumb Code     0  printfa.o(i.__0vsnprintf)
    __2vsnprintf                             0x08003785   Thumb Code     0  printfa.o(i.__0vsnprintf)
    __c89vsnprintf                           0x08003785   Thumb Code     0  printfa.o(i.__0vsnprintf)
    vsnprintf                                0x08003785   Thumb Code     0  printfa.o(i.__0vsnprintf)
    __0vsprintf                              0x080037a9   Thumb Code    30  printfa.o(i.__0vsprintf)
    __1vsprintf                              0x080037a9   Thumb Code     0  printfa.o(i.__0vsprintf)
    __2vsprintf                              0x080037a9   Thumb Code     0  printfa.o(i.__0vsprintf)
    __c89vsprintf                            0x080037a9   Thumb Code     0  printfa.o(i.__0vsprintf)
    vsprintf                                 0x080037a9   Thumb Code     0  printfa.o(i.__0vsprintf)
    __ARM_fpclassify                         0x080037cd   Thumb Code    40  fpclassify.o(i.__ARM_fpclassify)
    __aeabi_errno_addr                       0x080037f5   Thumb Code     4  errno.o(i.__aeabi_errno_addr)
    __rt_errno_addr                          0x080037f5   Thumb Code     0  errno.o(i.__aeabi_errno_addr)
    __kernel_poly                            0x080037fd   Thumb Code   170  poly.o(i.__kernel_poly)
    __mathlib_dbl_divzero                    0x080038a9   Thumb Code    12  dunder.o(i.__mathlib_dbl_divzero)
    __mathlib_dbl_infnan2                    0x080038b9   Thumb Code     4  dunder.o(i.__mathlib_dbl_infnan2)
    __mathlib_dbl_invalid                    0x080038bd   Thumb Code    12  dunder.o(i.__mathlib_dbl_invalid)
    __mathlib_dbl_overflow                   0x080038c9   Thumb Code    14  dunder.o(i.__mathlib_dbl_overflow)
    __mathlib_dbl_underflow                  0x080038d9   Thumb Code    10  dunder.o(i.__mathlib_dbl_underflow)
    __scatterload_copy                       0x080038e9   Thumb Code    14  handlers.o(i.__scatterload_copy)
    __scatterload_null                       0x080038f7   Thumb Code     2  handlers.o(i.__scatterload_null)
    __scatterload_zeroinit                   0x080038f9   Thumb Code    14  handlers.o(i.__scatterload_zeroinit)
    __set_errno                              0x08003909   Thumb Code     6  errno.o(i.__set_errno)
    cJSON_Delete                             0x080041c9   Thumb Code    82  cjson.o(i.cJSON_Delete)
    cJSON_GetErrorPtr                        0x08004221   Thumb Code     6  cjson.o(i.cJSON_GetErrorPtr)
    cJSON_GetObjectItem                      0x0800422d   Thumb Code    30  cjson.o(i.cJSON_GetObjectItem)
    cJSON_Parse                              0x0800426d   Thumb Code    16  cjson.o(i.cJSON_Parse)
    cJSON_ParseWithOpts                      0x0800427d   Thumb Code    96  cjson.o(i.cJSON_ParseWithOpts)
    delay_init                               0x0800432d   Thumb Code    50  delay.o(i.delay_init)
    delay_ms                                 0x08004371   Thumb Code    72  delay.o(i.delay_ms)
    delay_us                                 0x080043bd   Thumb Code    72  delay.o(i.delay_us)
    free                                     0x08004409   Thumb Code    76  malloc.o(i.free)
    main                                     0x08004459   Thumb Code   306  main.o(i.main)
    malloc                                   0x08004611   Thumb Code    92  malloc.o(i.malloc)
    pow                                      0x08004d95   Thumb Code  2478  pow.o(i.pow)
    sqrt                                     0x0800575f   Thumb Code    76  sqrt.o(i.sqrt)
    u1_printf                                0x080057ad   Thumb Code    84  usart1.o(i.u1_printf)
    asc2_1206                                0x0800580c   Data        1140  oled.o(.constdata)
    asc2_1608                                0x08005c80   Data        1520  oled.o(.constdata)
    asc2_2412                                0x08006270   Data        3420  oled.o(.constdata)
    __mathlib_zero                           0x08007060   Data           8  qnan.o(.constdata)
    __ctype_table                            0x08007068   Data         129  ctype_o.o(.constdata)
    Region$$Table$$Base                      0x08007100   Number         0  anon$$obj.o(Region$$Table)
    Region$$Table$$Limit                     0x08007120   Number         0  anon$$obj.o(Region$$Table)
    humidityH                                0x20000000   Data           1  main.o(.data)
    humidityL                                0x20000001   Data           1  main.o(.data)
    temperatureH                             0x20000002   Data           1  main.o(.data)
    temperatureL                             0x20000003   Data           1  main.o(.data)
    alarm_is_ok                              0x20000004   Data           1  main.o(.data)
    SystemCoreClock                          0x20000008   Data           4  system_stm32f10x.o(.data)
    AHBPrescTable                            0x2000000c   Data          16  system_stm32f10x.o(.data)
    Hzk1                                     0x2000001c   Data         160  oled.o(.data)
    Hzk2                                     0x200000bc   Data         216  oled.o(.data)
    Hzk3                                     0x20000194   Data         512  oled.o(.data)
    Hzk4                                     0x20000394   Data        4096  oled.o(.data)
    esp8266_cnt                              0x200013ac   Data           2  esp8266.o(.data)
    esp8266_cntPre                           0x200013ae   Data           2  esp8266.o(.data)
    __microlib_freelist                      0x200013c0   Data           4  mvars.o(.data)
    __microlib_freelist_initialised          0x200013c4   Data           4  mvars.o(.data)
    PUB_BUF                                  0x200013cc   Data         256  main.o(.bss)
    OLED_GRAM                                0x200014cc   Data        1152  oled.o(.bss)
    oledbuf                                  0x2000194c   Data          24  timer.o(.bss)
    Usart1_TxBuff                            0x20001968   Data         256  usart1.o(.bss)
    esp8266_buf                              0x20001a68   Data         128  esp8266.o(.bss)
    __heap_base                              0x20001ae8   Data           0  startup_stm32f10x_hd.o(HEAP)
    __heap_limit                             0x20001ce8   Data           0  startup_stm32f10x_hd.o(HEAP)
    __initial_sp                             0x200020e8   Data           0  startup_stm32f10x_hd.o(STACK)



==============================================================================

Memory Map of the image

  Image Entry point : 0x08000145

  Load Region LR_1 (Base: 0x08000000, Size: 0x000084ec, Max: 0xffffffff, ABSOLUTE, COMPRESSED[0x0000726c])

    Execution Region ER_RO (Base: 0x08000000, Size: 0x00007120, Max: 0xffffffff, ABSOLUTE)

    Base Addr    Size         Type   Attr      Idx    E Section Name        Object

    0x08000000   0x00000130   Data   RO          753    RESET               startup_stm32f10x_hd.o
    0x08000130   0x00000000   Code   RO         2569  * .ARM.Collect$$$$00000000  mc_w.l(entry.o)
    0x08000130   0x00000004   Code   RO         2924    .ARM.Collect$$$$00000001  mc_w.l(entry2.o)
    0x08000134   0x00000004   Code   RO         2927    .ARM.Collect$$$$00000004  mc_w.l(entry5.o)
    0x08000138   0x00000000   Code   RO         2929    .ARM.Collect$$$$00000008  mc_w.l(entry7b.o)
    0x08000138   0x00000000   Code   RO         2931    .ARM.Collect$$$$0000000A  mc_w.l(entry8b.o)
    0x08000138   0x00000008   Code   RO         2932    .ARM.Collect$$$$0000000B  mc_w.l(entry9a.o)
    0x08000140   0x00000000   Code   RO         2934    .ARM.Collect$$$$0000000D  mc_w.l(entry10a.o)
    0x08000140   0x00000000   Code   RO         2936    .ARM.Collect$$$$0000000F  mc_w.l(entry11a.o)
    0x08000140   0x00000004   Code   RO         2925    .ARM.Collect$$$$00002712  mc_w.l(entry2.o)
    0x08000144   0x00000024   Code   RO          754  * .text               startup_stm32f10x_hd.o
    0x08000168   0x0000000c   Code   RO         2572    .text               mc_w.l(tolower.o)
    0x08000174   0x00000024   Code   RO         2574    .text               mc_w.l(memcpya.o)
    0x08000198   0x00000024   Code   RO         2576    .text               mc_w.l(memseta.o)
    0x080001bc   0x00000024   Code   RO         2578    .text               mc_w.l(strstr.o)
    0x080001e0   0x00000014   Code   RO         2580    .text               mc_w.l(strchr.o)
    0x080001f4   0x0000000e   Code   RO         2582    .text               mc_w.l(strlen.o)
    0x08000202   0x00000028   Code   RO         2584    .text               mc_w.l(strncat.o)
    0x0800022a   0x0000001e   Code   RO         2588    .text               mc_w.l(strncmp.o)
    0x08000248   0x0000001a   Code   RO         2881    .text               mc_w.l(atoi.o)
    0x08000262   0x0000014e   Code   RO         2883    .text               mf_w.l(dadd.o)
    0x080003b0   0x000000e4   Code   RO         2885    .text               mf_w.l(dmul.o)
    0x08000494   0x00000022   Code   RO         2887    .text               mf_w.l(dflti.o)
    0x080004b6   0x0000003e   Code   RO         2889    .text               mf_w.l(dfixi.o)
    0x080004f4   0x00000030   Code   RO         2895    .text               mf_w.l(cdrcmple.o)
    0x08000524   0x0000002c   Code   RO         2938    .text               mc_w.l(uidiv.o)
    0x08000550   0x00000062   Code   RO         2940    .text               mc_w.l(uldiv.o)
    0x080005b2   0x0000001e   Code   RO         2942    .text               mc_w.l(llshl.o)
    0x080005d0   0x00000020   Code   RO         2944    .text               mc_w.l(llushr.o)
    0x080005f0   0x00000024   Code   RO         2946    .text               mc_w.l(llsshr.o)
    0x08000614   0x00000070   Code   RO         2957    .text               mc_w.l(strtol.o)
    0x08000684   0x00000000   Code   RO         2959    .text               mc_w.l(iusefp.o)
    0x08000684   0x000000ba   Code   RO         2960    .text               mf_w.l(depilogue.o)
    0x0800073e   0x000000de   Code   RO         2962    .text               mf_w.l(ddiv.o)
    0x0800081c   0x0000002e   Code   RO         2964    .text               mf_w.l(dscalb.o)
    0x0800084a   0x00000030   Code   RO         2966    .text               mf_w.l(dfixul.o)
    0x0800087a   0x00000002   PAD
    0x0800087c   0x00000024   Code   RO         2968    .text               mc_w.l(init.o)
    0x080008a0   0x00000008   Code   RO         2970    .text               mc_w.l(ctype_o.o)
    0x080008a8   0x0000009e   Code   RO         2998    .text               mc_w.l(_strtoul.o)
    0x08000946   0x000000a2   Code   RO         3000    .text               mf_w.l(dsqrt.o)
    0x080009e8   0x0000001c   Code   RO         3002    .text               mc_w.l(_chval.o)
    0x08000a04   0x00000056   Code   RO         3012    .text               mc_w.l(__dczerorl2.o)
    0x08000a5a   0x00000002   PAD
    0x08000a5c   0x00000038   Code   RO          295    i.BEEP_Init         beep.o
    0x08000a94   0x00000004   Code   RO          160    i.BusFault_Handler  stm32f10x_it.o
    0x08000a98   0x00000064   Code   RO          307    i.DHT11_Check       dht11.o
    0x08000afc   0x00000040   Code   RO          308    i.DHT11_Init        dht11.o
    0x08000b3c   0x0000004c   Code   RO          309    i.DHT11_Read_Bit    dht11.o
    0x08000b88   0x0000001e   Code   RO          310    i.DHT11_Read_Byte   dht11.o
    0x08000ba6   0x0000006e   Code   RO          311    i.DHT11_Read_Data   dht11.o
    0x08000c14   0x00000040   Code   RO          312    i.DHT11_Rst         dht11.o
    0x08000c54   0x00000002   Code   RO          161    i.DebugMon_Handler  stm32f10x_it.o
    0x08000c56   0x00000002   PAD
    0x08000c58   0x0000001c   Code   RO         1914    i.ESP8266_Clear     esp8266.o
    0x08000c74   0x00000050   Code   RO         1915    i.ESP8266_GetIPD    esp8266.o
    0x08000cc4   0x0000023c   Code   RO         1916    i.ESP8266_Init      esp8266.o
    0x08000f00   0x00000054   Code   RO         1917    i.ESP8266_SendCmd   esp8266.o
    0x08000f54   0x00000048   Code   RO         1918    i.ESP8266_SendData  esp8266.o
    0x08000f9c   0x00000034   Code   RO         1919    i.ESP8266_WaitRecive  esp8266.o
    0x08000fd0   0x00000034   Code   RO          716    i.EXTI3_IRQHandler  exti.o
    0x08001004   0x0000003c   Code   RO          717    i.EXTI4_IRQHandler  exti.o
    0x08001040   0x0000007a   Code   RO          718    i.EXTIX_Init        exti.o
    0x080010ba   0x00000002   PAD
    0x080010bc   0x0000000c   Code   RO         1861    i.EXTI_ClearITPendingBit  stm32f10x_exti.o
    0x080010c8   0x00000094   Code   RO         1866    i.EXTI_Init         stm32f10x_exti.o
    0x0800115c   0x00000040   Code   RO          797    i.GPIO_EXTILineConfig  stm32f10x_gpio.o
    0x0800119c   0x00000116   Code   RO          800    i.GPIO_Init         stm32f10x_gpio.o
    0x080012b2   0x00000012   Code   RO          804    i.GPIO_ReadInputDataBit  stm32f10x_gpio.o
    0x080012c4   0x00000004   Code   RO          807    i.GPIO_ResetBits    stm32f10x_gpio.o
    0x080012c8   0x00000004   Code   RO          808    i.GPIO_SetBits      stm32f10x_gpio.o
    0x080012cc   0x0000000a   Code   RO          811    i.GPIO_WriteBit     stm32f10x_gpio.o
    0x080012d6   0x00000004   Code   RO          162    i.HardFault_Handler  stm32f10x_it.o
    0x080012da   0x00000002   PAD
    0x080012dc   0x00000030   Code   RO          349    i.I2C_Start         oled.o
    0x0800130c   0x00000028   Code   RO          350    i.I2C_Stop          oled.o
    0x08001334   0x0000001c   Code   RO          351    i.I2C_WaitAck       oled.o
    0x08001350   0x0000003c   Code   RO          548    i.KEY_Init          key.o
    0x0800138c   0x0000004c   Code   RO          283    i.LED_Init          led.o
    0x080013d8   0x0000001c   Code   RO         1966    i.MQTT_DeleteBuffer  mqttkit.o
    0x080013f4   0x0000002e   Code   RO         1967    i.MQTT_DumpLength   mqttkit.o
    0x08001422   0x00000058   Code   RO         1968    i.MQTT_NewBuffer    mqttkit.o
    0x0800147a   0x00000002   PAD
    0x0800147c   0x0000008c   Code   RO         1969    i.MQTT_PacketCmdResp  mqttkit.o
    0x08001508   0x000002a0   Code   RO         1970    i.MQTT_PacketConnect  mqttkit.o
    0x080017a8   0x000001b8   Code   RO         1973    i.MQTT_PacketPublish  mqttkit.o
    0x08001960   0x00000048   Code   RO         1974    i.MQTT_PacketPublishAck  mqttkit.o
    0x080019a8   0x00000048   Code   RO         1975    i.MQTT_PacketPublishComp  mqttkit.o
    0x080019f0   0x00000048   Code   RO         1976    i.MQTT_PacketPublishRec  mqttkit.o
    0x08001a38   0x00000048   Code   RO         1977    i.MQTT_PacketPublishRel  mqttkit.o
    0x08001a80   0x000000fe   Code   RO         1980    i.MQTT_PacketSubscribe  mqttkit.o
    0x08001b7e   0x00000046   Code   RO         1982    i.MQTT_ReadLength   mqttkit.o
    0x08001bc4   0x0000008c   Code   RO         1983    i.MQTT_UnPacketCmd  mqttkit.o
    0x08001c50   0x0000001e   Code   RO         1984    i.MQTT_UnPacketConnectAck  mqttkit.o
    0x08001c6e   0x00000002   PAD
    0x08001c70   0x000001c0   Code   RO         1985    i.MQTT_UnPacketPublish  mqttkit.o
    0x08001e30   0x0000001e   Code   RO         1986    i.MQTT_UnPacketPublishAck  mqttkit.o
    0x08001e4e   0x0000001e   Code   RO         1987    i.MQTT_UnPacketPublishComp  mqttkit.o
    0x08001e6c   0x0000001e   Code   RO         1988    i.MQTT_UnPacketPublishRec  mqttkit.o
    0x08001e8a   0x00000024   Code   RO         1989    i.MQTT_UnPacketPublishRel  mqttkit.o
    0x08001eae   0x00000002   PAD
    0x08001eb0   0x00000074   Code   RO         1990    i.MQTT_UnPacketRecv  mqttkit.o
    0x08001f24   0x00000034   Code   RO         1991    i.MQTT_UnPacketSubscribe  mqttkit.o
    0x08001f58   0x00000012   Code   RO         1992    i.MQTT_UnPacketUnSubscribe  mqttkit.o
    0x08001f6a   0x00000004   Code   RO          163    i.MemManage_Handler  stm32f10x_it.o
    0x08001f6e   0x00000002   Code   RO          164    i.NMI_Handler       stm32f10x_it.o
    0x08001f70   0x00000070   Code   RO          758    i.NVIC_Init         misc.o
    0x08001fe0   0x00000014   Code   RO          759    i.NVIC_PriorityGroupConfig  misc.o
    0x08001ff4   0x00000030   Code   RO          352    i.OLED_Clear        oled.o
    0x08002024   0x00000060   Code   RO          353    i.OLED_ClearPoint   oled.o
    0x08002084   0x0000001c   Code   RO          354    i.OLED_ColorTurn    oled.o
    0x080020a0   0x0000002c   Code   RO          357    i.OLED_DisplayTurn  oled.o
    0x080020cc   0x0000003c   Code   RO          360    i.OLED_DrawPoint    oled.o
    0x08002108   0x00000170   Code   RO          361    i.OLED_Init         oled.o
    0x08002278   0x0000004c   Code   RO          363    i.OLED_Refresh      oled.o
    0x080022c4   0x000000fc   Code   RO          365    i.OLED_ShowChar     oled.o
    0x080023c0   0x00000108   Code   RO          366    i.OLED_ShowChinese  oled.o
    0x080024c8   0x00000042   Code   RO          369    i.OLED_ShowString   oled.o
    0x0800250a   0x00000038   Code   RO          371    i.OLED_WR_Byte      oled.o
    0x08002542   0x00000002   PAD
    0x08002544   0x00000228   Code   RO         2150    i.OneNet_DevLink    onenet.o
    0x0800276c   0x0000007c   Code   RO         2151    i.OneNet_Publish    onenet.o
    0x080027e8   0x00000474   Code   RO         2152    i.OneNet_RevPro     onenet.o
    0x08002c5c   0x0000006c   Code   RO         2153    i.OneNet_Subscribe  onenet.o
    0x08002cc8   0x00000002   Code   RO          165    i.PendSV_Handler    stm32f10x_it.o
    0x08002cca   0x00000002   PAD
    0x08002ccc   0x00000020   Code   RO          934    i.RCC_APB1PeriphClockCmd  stm32f10x_rcc.o
    0x08002cec   0x00000020   Code   RO          935    i.RCC_APB1PeriphResetCmd  stm32f10x_rcc.o
    0x08002d0c   0x00000020   Code   RO          936    i.RCC_APB2PeriphClockCmd  stm32f10x_rcc.o
    0x08002d2c   0x00000020   Code   RO          937    i.RCC_APB2PeriphResetCmd  stm32f10x_rcc.o
    0x08002d4c   0x000000d4   Code   RO          944    i.RCC_GetClocksFreq  stm32f10x_rcc.o
    0x08002e20   0x00000002   Code   RO          166    i.SVC_Handler       stm32f10x_it.o
    0x08002e22   0x00000002   PAD
    0x08002e24   0x00000054   Code   RO          372    i.Send_Byte         oled.o
    0x08002e78   0x00000008   Code   RO          249    i.SetSysClock       system_stm32f10x.o
    0x08002e80   0x000000e0   Code   RO          250    i.SetSysClockTo72   system_stm32f10x.o
    0x08002f60   0x00000028   Code   RO          762    i.SysTick_CLKSourceConfig  misc.o
    0x08002f88   0x00000002   Code   RO          167    i.SysTick_Handler   stm32f10x_it.o
    0x08002f8a   0x00000002   PAD
    0x08002f8c   0x00000060   Code   RO          252    i.SystemInit        system_stm32f10x.o
    0x08002fec   0x000000d8   Code   RO          510    i.TIM2_IRQHandler   timer.o
    0x080030c4   0x0000005c   Code   RO          511    i.TIM2_Int_Init     timer.o
    0x08003120   0x00000064   Code   RO          512    i.TIM3_IRQHandler   timer.o
    0x08003184   0x00000060   Code   RO          513    i.TIM3_Int_Init     timer.o
    0x080031e4   0x00000006   Code   RO         1323    i.TIM_ClearITPendingBit  stm32f10x_tim.o
    0x080031ea   0x00000018   Code   RO         1328    i.TIM_Cmd           stm32f10x_tim.o
    0x08003202   0x00000022   Code   RO         1349    i.TIM_GetITStatus   stm32f10x_tim.o
    0x08003224   0x00000012   Code   RO         1353    i.TIM_ITConfig      stm32f10x_tim.o
    0x08003236   0x00000002   PAD
    0x08003238   0x000000a4   Code   RO         1399    i.TIM_TimeBaseInit  stm32f10x_tim.o
    0x080032dc   0x0000001c   Code   RO          660    i.USART1_IRQHandler  usart1.o
    0x080032f8   0x0000004c   Code   RO         1920    i.USART2_IRQHandler  esp8266.o
    0x08003344   0x00000012   Code   RO         1132    i.USART_ClearFlag   stm32f10x_usart.o
    0x08003356   0x00000018   Code   RO         1136    i.USART_Cmd         stm32f10x_usart.o
    0x0800336e   0x00000002   PAD
    0x08003370   0x0000009c   Code   RO         1138    i.USART_DeInit      stm32f10x_usart.o
    0x0800340c   0x0000001a   Code   RO         1139    i.USART_GetFlagStatus  stm32f10x_usart.o
    0x08003426   0x00000054   Code   RO         1140    i.USART_GetITStatus  stm32f10x_usart.o
    0x0800347a   0x0000004a   Code   RO         1142    i.USART_ITConfig    stm32f10x_usart.o
    0x080034c4   0x000000d8   Code   RO         1143    i.USART_Init        stm32f10x_usart.o
    0x0800359c   0x00000008   Code   RO         1153    i.USART_SendData    stm32f10x_usart.o
    0x080035a4   0x00000004   Code   RO          168    i.UsageFault_Handler  stm32f10x_it.o
    0x080035a8   0x00000080   Code   RO          661    i.Usart1_Init       usart1.o
    0x08003628   0x000000b8   Code   RO          622    i.Usart2_Init       usart2.o
    0x080036e0   0x00000048   Code   RO          662    i.UsartPrintf       usart1.o
    0x08003728   0x00000032   Code   RO          663    i.Usart_SendString  usart1.o
    0x0800375a   0x00000002   PAD
    0x0800375c   0x00000028   Code   RO         2827    i.__0sprintf        mc_w.l(printfa.o)
    0x08003784   0x00000024   Code   RO         2830    i.__0vsnprintf      mc_w.l(printfa.o)
    0x080037a8   0x00000024   Code   RO         2831    i.__0vsprintf       mc_w.l(printfa.o)
    0x080037cc   0x00000028   Code   RO         2911    i.__ARM_fpclassify  m_ws.l(fpclassify.o)
    0x080037f4   0x00000008   Code   RO         2950    i.__aeabi_errno_addr  mc_w.l(errno.o)
    0x080037fc   0x000000aa   Code   RO         2913    i.__kernel_poly     m_ws.l(poly.o)
    0x080038a6   0x00000002   PAD
    0x080038a8   0x00000010   Code   RO         2897    i.__mathlib_dbl_divzero  m_ws.l(dunder.o)
    0x080038b8   0x00000004   Code   RO         2899    i.__mathlib_dbl_infnan2  m_ws.l(dunder.o)
    0x080038bc   0x0000000c   Code   RO         2900    i.__mathlib_dbl_invalid  m_ws.l(dunder.o)
    0x080038c8   0x0000000e   Code   RO         2901    i.__mathlib_dbl_overflow  m_ws.l(dunder.o)
    0x080038d6   0x00000002   PAD
    0x080038d8   0x00000010   Code   RO         2903    i.__mathlib_dbl_underflow  m_ws.l(dunder.o)
    0x080038e8   0x0000000e   Code   RO         3006    i.__scatterload_copy  mc_w.l(handlers.o)
    0x080038f6   0x00000002   Code   RO         3007    i.__scatterload_null  mc_w.l(handlers.o)
    0x080038f8   0x0000000e   Code   RO         3008    i.__scatterload_zeroinit  mc_w.l(handlers.o)
    0x08003906   0x00000002   PAD
    0x08003908   0x0000000c   Code   RO         2952    i.__set_errno       mc_w.l(errno.o)
    0x08003914   0x00000164   Code   RO         2832    i._fp_digits        mc_w.l(printfa.o)
    0x08003a78   0x000006dc   Code   RO         2833    i._printf_core      mc_w.l(printfa.o)
    0x08004154   0x00000024   Code   RO         2834    i._printf_post_padding  mc_w.l(printfa.o)
    0x08004178   0x0000002e   Code   RO         2835    i._printf_pre_padding  mc_w.l(printfa.o)
    0x080041a6   0x00000016   Code   RO         2836    i._snputc           mc_w.l(printfa.o)
    0x080041bc   0x0000000a   Code   RO         2837    i._sputc            mc_w.l(printfa.o)
    0x080041c6   0x00000002   PAD
    0x080041c8   0x00000058   Code   RO         2209    i.cJSON_Delete      cjson.o
    0x08004220   0x0000000c   Code   RO         2217    i.cJSON_GetErrorPtr  cjson.o
    0x0800422c   0x0000001e   Code   RO         2218    i.cJSON_GetObjectItem  cjson.o
    0x0800424a   0x00000002   PAD
    0x0800424c   0x00000020   Code   RO         2222    i.cJSON_New_Item    cjson.o
    0x0800426c   0x00000010   Code   RO         2223    i.cJSON_Parse       cjson.o
    0x0800427c   0x00000064   Code   RO         2224    i.cJSON_ParseWithOpts  cjson.o
    0x080042e0   0x0000004c   Code   RO         2230    i.cJSON_strcasecmp  cjson.o
    0x0800432c   0x00000044   Code   RO          567    i.delay_init        delay.o
    0x08004370   0x0000004c   Code   RO          568    i.delay_ms          delay.o
    0x080043bc   0x0000004c   Code   RO          569    i.delay_us          delay.o
    0x08004408   0x00000050   Code   RO         2853    i.free              mc_w.l(malloc.o)
    0x08004458   0x000001b8   Code   RO            1    i.main              main.o
    0x08004610   0x0000006c   Code   RO         2854    i.malloc            mc_w.l(malloc.o)
    0x0800467c   0x000000ac   Code   RO         2234    i.parse_array       cjson.o
    0x08004728   0x00000114   Code   RO         2235    i.parse_hex4        cjson.o
    0x0800483c   0x000001bc   Code   RO         2236    i.parse_number      cjson.o
    0x080049f8   0x00000114   Code   RO         2237    i.parse_object      cjson.o
    0x08004b0c   0x000001cc   Code   RO         2238    i.parse_string      cjson.o
    0x08004cd8   0x000000bc   Code   RO         2239    i.parse_value       cjson.o
    0x08004d94   0x000009b8   Code   RO         2560    i.pow               m_ws.l(pow.o)
    0x0800574c   0x00000012   Code   RO         2247    i.skip              cjson.o
    0x0800575e   0x0000004c   Code   RO         2917    i.sqrt              m_ws.l(sqrt.o)
    0x080057aa   0x00000002   PAD
    0x080057ac   0x0000005c   Code   RO          666    i.u1_printf         usart1.o
    0x08005808   0x00000004   Data   RO            3    .constdata          main.o
    0x0800580c   0x000017c0   Data   RO          374    .constdata          oled.o
    0x08006fcc   0x00000007   Data   RO         2250    .constdata          cjson.o
    0x08006fd3   0x00000005   PAD
    0x08006fd8   0x00000088   Data   RO         2561    .constdata          m_ws.l(pow.o)
    0x08007060   0x00000008   Data   RO         2915    .constdata          m_ws.l(qnan.o)
    0x08007068   0x00000081   Data   RO         2971    .constdata          mc_w.l(ctype_o.o)
    0x080070e9   0x00000003   PAD
    0x080070ec   0x00000004   Data   RO         2972    .constdata          mc_w.l(ctype_o.o)
    0x080070f0   0x0000000f   Data   RO            4    .conststring        main.o
    0x080070ff   0x00000001   PAD
    0x08007100   0x00000020   Data   RO         3004    Region$$Table       anon$$obj.o


    Execution Region ER_RW (Base: 0x20000000, Size: 0x000013cc, Max: 0xffffffff, ABSOLUTE, COMPRESSED[0x0000014c])

    Base Addr    Size         Type   Attr      Idx    E Section Name        Object

    0x20000000   0x00000005   Data   RW            5    .data               main.o
    0x20000005   0x00000003   PAD
    0x20000008   0x00000014   Data   RW          253    .data               system_stm32f10x.o
    0x2000001c   0x00001378   Data   RW          375    .data               oled.o
    0x20001394   0x00000004   Data   RW          570    .data               delay.o
    0x20001398   0x00000014   Data   RW          964    .data               stm32f10x_rcc.o
    0x200013ac   0x00000004   Data   RW         1922    .data               esp8266.o
    0x200013b0   0x00000002   Data   RW         2154    .data               onenet.o
    0x200013b2   0x00000002   PAD
    0x200013b4   0x0000000c   Data   RW         2251    .data               cjson.o
    0x200013c0   0x00000004   Data   RW         2948    .data               mc_w.l(mvars.o)
    0x200013c4   0x00000004   Data   RW         2949    .data               mc_w.l(mvars.o)
    0x200013c8   0x00000004   Data   RW         2953    .data               mc_w.l(errno.o)


    Execution Region ER_ZI (Base: 0x200013cc, Size: 0x00000d1c, Max: 0xffffffff, ABSOLUTE)

    Base Addr    Size         Type   Attr      Idx    E Section Name        Object

    0x200013cc   0x00000100   Zero   RW            2    .bss                main.o
    0x200014cc   0x00000480   Zero   RW          373    .bss                oled.o
    0x2000194c   0x00000018   Zero   RW          514    .bss                timer.o
    0x20001964   0x00000004   PAD
    0x20001968   0x00000100   Zero   RW          667    .bss                usart1.o
    0x20001a68   0x00000080   Zero   RW         1921    .bss                esp8266.o
    0x20001ae8   0x00000200   Zero   RW          752    HEAP                startup_stm32f10x_hd.o
    0x20001ce8   0x00000400   Zero   RW          751    STACK               startup_stm32f10x_hd.o


==============================================================================

Image component sizes


      Code (inc. data)   RO Data    RW Data    ZI Data      Debug   Object Name

        56          6          0          0          0        488   beep.o
      2188         88          7         12          0      12373   cjson.o
       220         26          0          4          0       1679   delay.o
       444         32          0          0          0       3884   dht11.o
       964        366          0          4        128       5127   esp8266.o
       234         30          0          0          0       1523   exti.o
        60          8          0          0          0        491   key.o
        76          8          0          0          0        495   led.o
       440        134         19          5        256     256795   main.o
       172         22          0          0          0       2033   misc.o
      2956         34          0          0          0      18993   mqttkit.o
      1558         94       6080       4984       1152      10506   oled.o
      1924        906          0          2          0       7003   onenet.o
        36          8        304          0       1536        784   startup_stm32f10x_hd.o
       160         12          0          0          0       1485   stm32f10x_exti.o
       378          4          0          0          0       4802   stm32f10x_gpio.o
        26          0          0          0          0       3658   stm32f10x_it.o
       340         44          0         20          0       5540   stm32f10x_rcc.o
       246         42          0          0          0       3510   stm32f10x_tim.o
       606         28          0          0          0       6678   stm32f10x_usart.o
         0          0          0          0          0         32   sys.o
       328         28          0         20          0       2057   system_stm32f10x.o
       504         84          0          0         24       3228   timer.o
       370         22          0          0        256       4979   usart1.o
       184          8          0          0          0       1294   usart2.o

    ----------------------------------------------------------------------
     14498       2034       6448       5056       3356     359437   Object Totals
         0          0         32          0          0          0   (incl. Generated)
        28          0          6          5          4          0   (incl. Padding)

    ----------------------------------------------------------------------

      Code (inc. data)   RO Data    RW Data    ZI Data      Debug   Library Member Name

        62         10          0          0          0        340   dunder.o
        40          0          0          0          0         68   fpclassify.o
       170          0          0          0          0         96   poly.o
      2488        190        136          0          0        300   pow.o
         0          0          8          0          0          0   qnan.o
        76          0          0          0          0         84   sqrt.o
        86          0          0          0          0          0   __dczerorl2.o
        28          0          0          0          0         68   _chval.o
       158          0          0          0          0         92   _strtoul.o
        26          0          0          0          0         80   atoi.o
         8          4        133          0          0         68   ctype_o.o
         0          0          0          0          0          0   entry.o
         0          0          0          0          0          0   entry10a.o
         0          0          0          0          0          0   entry11a.o
         8          4          0          0          0          0   entry2.o
         4          0          0          0          0          0   entry5.o
         0          0          0          0          0          0   entry7b.o
         0          0          0          0          0          0   entry8b.o
         8          4          0          0          0          0   entry9a.o
        20         10          0          4          0        136   errno.o
        30          0          0          0          0          0   handlers.o
        36          8          0          0          0         68   init.o
         0          0          0          0          0          0   iusefp.o
        30          0          0          0          0         68   llshl.o
        36          0          0          0          0         68   llsshr.o
        32          0          0          0          0         68   llushr.o
       188         20          0          0          0        160   malloc.o
        36          0          0          0          0         68   memcpya.o
        36          0          0          0          0        108   memseta.o
         0          0          0          8          0          0   mvars.o
      2338         96          0          0          0        740   printfa.o
        20          0          0          0          0         68   strchr.o
        14          0          0          0          0         68   strlen.o
        40          0          0          0          0         76   strncat.o
        30          0          0          0          0         80   strncmp.o
        36          0          0          0          0         80   strstr.o
       112          0          0          0          0         88   strtol.o
        12          0          0          0          0         68   tolower.o
        44          0          0          0          0         80   uidiv.o
        98          0          0          0          0         92   uldiv.o
        48          0          0          0          0         68   cdrcmple.o
       334          0          0          0          0        148   dadd.o
       222          0          0          0          0        100   ddiv.o
       186          0          0          0          0        176   depilogue.o
        62          0          0          0          0         80   dfixi.o
        48          0          0          0          0         68   dfixul.o
        34          0          0          0          0         76   dflti.o
       228          0          0          0          0         96   dmul.o
        46          0          0          0          0         80   dscalb.o
       162          0          0          0          0        100   dsqrt.o

    ----------------------------------------------------------------------
      7734        346        280         12          0       4372   Library Totals
        14          0          3          0          0          0   (incl. Padding)

    ----------------------------------------------------------------------

      Code (inc. data)   RO Data    RW Data    ZI Data      Debug   Library Name

      2836        200        144          0          0        888   m_ws.l
      3514        146        133         12          0       2492   mc_w.l
      1370          0          0          0          0        992   mf_w.l

    ----------------------------------------------------------------------
      7734        346        280         12          0       4372   Library Totals

    ----------------------------------------------------------------------

==============================================================================


      Code (inc. data)   RO Data    RW Data    ZI Data      Debug   

     22232       2380       6728       5068       3356     355149   Grand Totals
     22232       2380       6728        332       3356     355149   ELF Image Totals (compressed)
     22232       2380       6728        332          0          0   ROM Totals

==============================================================================

    Total RO  Size (Code + RO Data)                28960 (  28.28kB)
    Total RW  Size (RW Data + ZI Data)              8424 (   8.23kB)
    Total ROM Size (Code + RO Data + RW Data)      29292 (  28.61kB)

==============================================================================

